 
cpldfit:  version P.20131013                        Xilinx Inc.
                                  Fitter Report
Design Name: SPI_Master                          Date:  1-24-2022,  9:37AM
Device Used: XC2C256-6-TQ144
Fitting Status: Successful

*************************  Mapped Resource Summary  **************************

Macrocells     Product Terms    Function Block   Registers      Pins           
Used/Tot       Used/Tot         Inps Used/Tot    Used/Tot       Used/Tot       
79 /256 ( 31%) 142 /896  ( 16%) 144 /640  ( 22%) 71 /256 ( 28%) 22 /118 ( 19%)

** Function Block Resources **

Function Mcells   FB Inps  Pterms   IO       CTC      CTR      CTS      CTE     
Block    Used/Tot Used/Tot Used/Tot Used/Tot Used/Tot Used/Tot Used/Tot Used/Tot
FB1      16/16*    19/40    31/56     2/ 6    1/1*     0/1      0/1      0/1
FB2      16/16*    29/40    20/56     0/ 8    1/1*     0/1      0/1      0/1
FB3      16/16*    20/40    32/56     1/ 6    1/1*     0/1      0/1      0/1
FB4      16/16*    36/40    34/56     0/ 8    1/1*     0/1      0/1      0/1
FB5       6/16     28/40    13/56     0/ 5    1/1*     0/1      0/1      0/1
FB6       1/16      1/40     1/56     0/ 8    1/1*     0/1      0/1      0/1
FB7       0/16      0/40     0/56     0/ 8    0/1      0/1      0/1      0/1
FB8       0/16      0/40     0/56     0/ 8    0/1      0/1      0/1      0/1
FB9       4/16      5/40     5/56     4/ 8    1/1*     0/1      0/1      0/1
FB10      2/16      3/40     3/56     2/ 9    1/1*     0/1      0/1      0/1
FB11      0/16      0/40     0/56     0/ 8    0/1      0/1      0/1      0/1
FB12      2/16      3/40     3/56     2/ 6    1/1*     0/1      0/1      0/1
FB13      0/16      0/40     0/56     0/ 8    0/1      0/1      0/1      0/1
FB14      0/16      0/40     0/56     0/ 8    0/1      0/1      0/1      0/1
FB15      0/16      0/40     0/56     0/ 7    0/1      0/1      0/1      0/1
FB16      0/16      0/40     0/56     0/ 7    0/1      0/1      0/1      0/1
         -----    -------  -------   -----    ---      ---      ---      ---
Total    79/256   144/640  142/896   11/118   9/16     0/16     0/16     0/16

CTC - Control Term Clock
CTR - Control Term Reset
CTS - Control Term Set
CTE - Control Term Output Enable

* - Resource is exhausted

** Global Control Resources **

GCK         GSR         GTS         DGE         
Used/Tot    Used/Tot    Used/Tot    Used/Tot    
1/3         0/1         0/4         0/1

Signal 'In_clock' mapped onto global clock net GCK2.

** Pin Resources **

Signal Type    Required     Mapped  |  Pin Type            Used    Total 
------------------------------------|------------------------------------
Input         :   10          10    |  I/O              :    15    108
Output        :   11          11    |  GCK/IO           :     1      3
Bidirectional :    0           0    |  GTS/IO           :     4      4
GCK           :    1           1    |  GSR/IO           :     1      1
GTS           :    0           0    |  CDR/IO           :     0      1
GSR           :    0           0    |  DGE/IO           :     1      1
                 ----        ----
        Total     22          22

End of Mapped Resource Summary
**************************  Errors and Warnings  ***************************

WARNING:Cpld - Unable to retrieve the path to the iSE Project Repository. Will
   use the default filename of 'SPI_Master.ise'.
INFO:Cpld - Inferring BUFG constraint for signal 'In_clock' based upon the LOC
   constraint 'P38'. It is recommended that you declare this BUFG explicitedly
   in your design. Note that for certain device families the output of a BUFG
   constraint can not drive a gated clock, and the BUFG constraint will be
   ignored.
*************************  Summary of Mapped Logic  ************************

** 11 Outputs **

Signal                                   Total Total Bank Loc     Pin   Pin       Pin     I/O      I/O       Slew Reg     Reg Init
Name                                     Pts   Inps               No.   Type      Use     STD      Style     Rate Use     State
MOSI                                     2     2     2    FB1_4   142   I/O       O       LVCMOS18           FAST DFF     RESET
NCS                                      2     2     2    FB1_12  139   I/O       O       LVCMOS18           FAST         
Out_clock                                1     2     2    FB3_1   136   I/O       O       LVCMOS18           FAST TDFF    RESET
Output_data<3>                           2     2     2    FB9_2   113   I/O       O       LVCMOS18           FAST DFF     RESET
Output_data<2>                           2     2     2    FB9_6   115   I/O       O       LVCMOS18           FAST DFF     RESET
Output_data<1>                           2     2     2    FB9_13  117   I/O       O       LVCMOS18           FAST DFF     RESET
Output_data<0>                           2     2     2    FB9_15  119   I/O       O       LVCMOS18           FAST DFF     RESET
Output_data<4>                           2     2     2    FB10_6  104   I/O       O       LVCMOS18           FAST DFF     RESET
Output_data<5>                           2     2     2    FB10_14 102   I/O       O       LVCMOS18           FAST DFF     RESET
Output_data<6>                           2     2     2    FB12_2  100   I/O       O       LVCMOS18           FAST DFF     RESET
Output_data<7>                           2     2     2    FB12_12 97    I/O       O       LVCMOS18           FAST DFF     RESET

** 68 Buried Nodes **

Signal                                   Total Total Loc     Reg     Reg Init
Name                                     Pts   Inps          Use     State
XLXI_2/counter<9>                        2     11    FB1_1   TFF     RESET
XLXI_2/counter<8>                        2     10    FB1_2   TFF     RESET
XLXI_2/counter<13>                       2     15    FB1_3   TFF     RESET
XLXI_2/counter<7>                        2     9     FB1_5   TFF     RESET
XLXI_2/counter<12>                       2     14    FB1_6   TFF     RESET
XLXI_2/counter<6>                        2     8     FB1_7   TFF     RESET
XLXI_2/counter<5>                        2     7     FB1_8   TFF     RESET
XLXI_2/counter<4>                        2     6     FB1_9   TFF     RESET
XLXI_2/counter<3>                        2     5     FB1_10  TFF     RESET
XLXI_2/counter<2>                        2     4     FB1_11  TFF     RESET
XLXI_2/counter<11>                       2     13    FB1_13  TFF     RESET
XLXI_2/counter<10>                       2     12    FB1_14  TFF     RESET
XLXI_2/counter<1>                        2     3     FB1_15  DFF     RESET
XLXI_2/counter<0>                        1     2     FB1_16  DFF/S   SET
XLXI_4/input_temp<0>                     2     17    FB2_1   DFF     RESET
XLXI_5/counter<2>                        3     6     FB2_2   TFF     RESET
XLXI_4/input_temp<4>                     2     4     FB2_3   DFF     RESET
XLXI_4/input_temp<1>                     4     5     FB2_4   DFF     RESET
XLXI_4/input_temp<5>                     1     1     FB2_5   DFF     RESET
XLXI_5/counter<31>                       3     8     FB2_6   TFF     RESET
XLXI_5/temp                              3     4     FB2_7   DFF     RESET
XLXI_5/cs_state2                         2     4     FB2_8   TFF     RESET
XLXI_2/counter<14>                       2     16    FB2_9   TFF     RESET
XLXI_2/counter<15>                       2     17    FB2_10  TFF     RESET
dzielnikwy                               1     16    FB2_11  TFF     RESET
XLXI_4/input_temp<2>                     1     1     FB2_12  DFF     RESET
XLXI_4/input_temp<6>                     1     1     FB2_13  DFF     RESET
XLXI_4/input_temp<3>                     1     1     FB2_14  DFF     RESET
XLXI_4/input_temp<7>                     1     1     FB2_15  DFF     RESET
XLXI_5/cs_state1                         1     1     FB2_16  TFF     RESET
XLXI_5/counter<15>                       3     19    FB3_2   TFF     RESET
XLXI_5/counter<14>                       3     18    FB3_3   TFF     RESET
XLXI_5/counter<10>                       3     14    FB3_4   TFF     RESET
XLXI_5/counter<13>                       3     17    FB3_5   TFF     RESET
XLXI_5/counter<9>                        3     13    FB3_6   TFF     RESET
XLXI_5/counter<8>                        3     12    FB3_7   TFF     RESET
XLXI_5/counter<7>                        3     11    FB3_8   TFF     RESET
XLXI_5/counter<6>                        3     10    FB3_9   TFF     RESET
XLXI_5/counter<5>                        3     9     FB3_10  TFF     RESET
XLXI_5/counter<4>                        3     8     FB3_11  TFF     RESET

Signal                                   Total Total Loc     Reg     Reg Init
Name                                     Pts   Inps          Use     State
XLXI_5/counter<3>                        3     7     FB3_12  TFF     RESET
XLXI_5/counter<1>                        3     5     FB3_13  TFF     RESET
XLXI_5/counter<12>                       3     16    FB3_14  TFF     RESET
XLXI_5/counter<0>                        3     4     FB3_15  DFF     RESET
XLXI_5/counter<11>                       3     15    FB3_16  TFF     RESET
XLXI_5/counter<19>                       3     23    FB4_1   TFF     RESET
XLXI_5/counter<20>                       3     24    FB4_2   TFF     RESET
XLXI_5/counter<21>                       3     25    FB4_3   TFF     RESET
XLXI_5/counter<22>                       3     26    FB4_4   TFF     RESET
XLXI_5/counter<23>                       3     27    FB4_5   TFF     RESET
XLXI_5/counter<24>                       3     28    FB4_6   TFF     RESET
XLXI_5/counter__add0000<27>              2     28    FB4_7           
N_PZ_261                                 2     29    FB4_8           
XLXI_5/counter__add0000<29>              3     31    FB4_9           
XLXI_5/counter__add0000<30>              3     31    FB4_10          
XLXI_5/counter<25>                       3     29    FB4_11  TFF     RESET
XLXI_5/Mcompar_counter_cmp_ge0000_AGEB5  1     28    FB4_12          
N_PZ_255                                 2     29    FB4_13          
N_PZ_274                                 1     28    FB4_14          
XLXI_5/counter<26>                       3     30    FB4_15  TFF     RESET
XLXI_5/counter<28>                       4     33    FB4_16  DFF     RESET
XLXI_5/counter<30>                       3     5     FB5_10  DFF     RESET
XLXI_5/counter<29>                       3     5     FB5_11  DFF     RESET
XLXI_5/counter<27>                       3     5     FB5_12  DFF     RESET
XLXI_5/counter<16>                       3     20    FB5_13  TFF     RESET
XLXI_5/counter<17>                       3     21    FB5_15  TFF     RESET
XLXI_5/counter<18>                       3     22    FB5_16  TFF     RESET
XLXI_4/buf_wej                           1     1     FB6_12  DFF     RESET

** 11 Inputs **

Signal                                   Bank Loc     Pin   Pin       Pin     I/O      I/O
Name                                                  No.   Type      Use     STD      Style
btn0                                     2    FB1_3   143   GSR/I/O   I       LVCMOS18 KPR
Input_data<0>                            2    FB2_1   2     GTS/I/O   I       LVCMOS18 KPR
Input_data<4>                            2    FB2_3   3     GTS/I/O   I       LVCMOS18 KPR
Input_data<1>                            2    FB2_4   4     I/O       I       LVCMOS18 KPR
Input_data<5>                            2    FB2_5   5     GTS/I/O   I       LVCMOS18 KPR
Input_data<2>                            2    FB2_12  6     GTS/I/O   I       LVCMOS18 KPR
Input_data<6>                            2    FB2_13  7     I/O       I       LVCMOS18 KPR
Input_data<3>                            2    FB2_14  9     I/O       I       LVCMOS18 KPR
Input_data<7>                            2    FB2_15  10    I/O       I       LVCMOS18 KPR
In_clock                                 1    FB6_4   38    GCK/I/O   GCK     LVCMOS18 KPR
MISO                                     1    FB6_12  39    DGE/I/O   I       LVCMOS18 KPR

Legend:
Pin No.   - ~     - User Assigned
I/O Style - OD    - OpenDrain
          - PU    - Pullup
          - KPR   - Keeper
          - S     - SchmittTrigger
          - DG    - DataGate
Reg Use   - LATCH - Transparent latch
          - DFF   - D-flip-flop
          - DEFF  - D-flip-flop with clock enable
          - TFF   - T-flip-flop
          - TDFF  - Dual-edge-triggered T-flip-flop
          - DDFF  - Dual-edge-triggered flip-flop
          - DDEFF - Dual-edge-triggered flip-flop with clock enable
          /S (after any above flop/latch type) indicates initial state is Set
**************************  Function Block Details  ************************
Legend:
Total Pt     - Total product terms used by the macrocell signal
Loc          - Location where logic was mapped in device
Pin Type/Use - I  - Input             GCK - Global clock
               O  - Output            GTS - Global Output Enable
              (b) - Buried macrocell  GSR - Global Set/Reset
              VRF - Vref
Pin No.      - ~  - User Assigned
*********************************** FB1  ***********************************
This function block is part of I/O Bank number:               2
Number of function block inputs used/remaining:               19/21
Number of function block control terms used/remaining:        1/3
Number of PLA product terms used/remaining:                   31/25
Signal                        Total Loc     Pin  Pin     Pin   CTC CTR CTS CTE
Name                          Pt            No.  Type    Use   
XLXI_2/counter<9>             2     FB1_1        (b)     (b)               
XLXI_2/counter<8>             2     FB1_2        (b)     (b)               
XLXI_2/counter<13>            2     FB1_3   143  GSR/I/O I                 
MOSI                          2     FB1_4   142  I/O     O      +          
XLXI_2/counter<7>             2     FB1_5        (b)     (b)               
XLXI_2/counter<12>            2     FB1_6   140  I/O     (b)               
XLXI_2/counter<6>             2     FB1_7        (b)     (b)               
XLXI_2/counter<5>             2     FB1_8        (b)     (b)               
XLXI_2/counter<4>             2     FB1_9        (b)     (b)               
XLXI_2/counter<3>             2     FB1_10       (b)     (b)               
XLXI_2/counter<2>             2     FB1_11       (b)     (b)               
NCS                           2     FB1_12  139  I/O     O                 
XLXI_2/counter<11>            2     FB1_13  138  I/O     (b)               
XLXI_2/counter<10>            2     FB1_14  137  I/O     (b)               
XLXI_2/counter<1>             2     FB1_15       (b)     (b)               
XLXI_2/counter<0>             1     FB1_16       (b)     (b)               

Signals Used by Logic in Function Block
  1: Out_clock            8: XLXI_2/counter<2>  14: XLXI_2/counter<8> 
  2: XLXI_2/counter<0>    9: XLXI_2/counter<3>  15: XLXI_2/counter<9> 
  3: XLXI_2/counter<10>  10: XLXI_2/counter<4>  16: XLXI_4/input_temp<0>.COMB 
  4: XLXI_2/counter<11>  11: XLXI_2/counter<5>  17: XLXI_4/input_temp<7> 
  5: XLXI_2/counter<12>  12: XLXI_2/counter<6>  18: XLXI_5/cs_state1 
  6: XLXI_2/counter<13>  13: XLXI_2/counter<7>  19: XLXI_5/cs_state2 
  7: XLXI_2/counter<1>  

Signal                     1         2         3         4 FB      
Name             0----+----0----+----0----+----0----+----0 Inputs  
XLXI_2/counter<9> 
                  .X....XXXXXXXXXX........................ 11      
XLXI_2/counter<8> 
                  .X....XXXXXXXX.X........................ 10      
XLXI_2/counter<13> 
                  .XXXXXXXXXXXXXXX........................ 15      
MOSI              X...............X....................... 2       
XLXI_2/counter<7> 
                  .X....XXXXXXX..X........................ 9       
XLXI_2/counter<12> 
                  .XXXX.XXXXXXXXXX........................ 14      
XLXI_2/counter<6> 
                  .X....XXXXXX...X........................ 8       
XLXI_2/counter<5> 
                  .X....XXXXX....X........................ 7       
XLXI_2/counter<4> 
                  .X....XXXX.....X........................ 6       
XLXI_2/counter<3> 
                  .X....XXX......X........................ 5       
XLXI_2/counter<2> 
                  .X....XX.......X........................ 4       
NCS               .................XX..................... 2       
XLXI_2/counter<11> 
                  .XXX..XXXXXXXXXX........................ 13      
XLXI_2/counter<10> 
                  .XX...XXXXXXXXXX........................ 12      
XLXI_2/counter<1> 
                  .X....X........X........................ 3       
XLXI_2/counter<0> 
                  .X.............X........................ 2       
                 0----+----1----+----2----+----3----+----4
                           0         0         0         0
*********************************** FB2  ***********************************
This function block is part of I/O Bank number:               2
Number of function block inputs used/remaining:               29/11
Number of function block control terms used/remaining:        1/3
Number of PLA product terms used/remaining:                   20/36
Signal                        Total Loc     Pin  Pin     Pin   CTC CTR CTS CTE
Name                          Pt            No.  Type    Use   
XLXI_4/input_temp<0>          2     FB2_1   2    GTS/I/O I      +          
XLXI_5/counter<2>             3     FB2_2        (b)     (b)               
XLXI_4/input_temp<4>          2     FB2_3   3    GTS/I/O I      +          
XLXI_4/input_temp<1>          4     FB2_4   4    I/O     I      +          
XLXI_4/input_temp<5>          1     FB2_5   5    GTS/I/O I      +          
XLXI_5/counter<31>            3     FB2_6        (b)     (b)               
XLXI_5/temp                   3     FB2_7        (b)     (b)               
XLXI_5/cs_state2              2     FB2_8        (b)     (b)               
XLXI_2/counter<14>            2     FB2_9        (b)     (b)               
XLXI_2/counter<15>            2     FB2_10       (b)     (b)               
dzielnikwy                    1     FB2_11       (b)     (b)               
XLXI_4/input_temp<2>          1     FB2_12  6    GTS/I/O I      +          
XLXI_4/input_temp<6>          1     FB2_13  7    I/O     I      +          
XLXI_4/input_temp<3>          1     FB2_14  9    I/O     I      +          
XLXI_4/input_temp<7>          1     FB2_15  10   I/O     I      +          
XLXI_5/cs_state1              1     FB2_16       (b)     (b)    +          

Signals Used by Logic in Function Block
  1: NCS                 11: XLXI_2/counter<2>          21: XLXI_4/input_temp<4>.COMB 
  2: N_PZ_274            12: XLXI_2/counter<3>          22: XLXI_5/Mcompar_counter_cmp_ge0000_AGEB5 
  3: XLXI_2/counter<0>   13: XLXI_2/counter<4>          23: XLXI_5/counter<0> 
  4: XLXI_2/counter<10>  14: XLXI_2/counter<5>          24: XLXI_5/counter<1> 
  5: XLXI_2/counter<11>  15: XLXI_2/counter<6>          25: XLXI_5/counter<2> 
  6: XLXI_2/counter<12>  16: XLXI_2/counter<7>          26: XLXI_5/counter<31> 
  7: XLXI_2/counter<13>  17: XLXI_2/counter<8>          27: XLXI_5/temp 
  8: XLXI_2/counter<14>  18: XLXI_2/counter<9>          28: btn0 
  9: XLXI_2/counter<15>  19: XLXI_4/input_temp<0>.COMB  29: dzielnikwy 
 10: XLXI_2/counter<1>   20: XLXI_4/input_temp<1>.COMB 

Signal                     1         2         3         4 FB      
Name             0----+----0----+----0----+----0----+----0 Inputs  
XLXI_4/input_temp<0> 
                  ..XXXXXXXXXXXXXXXX.........X............ 17      
XLXI_5/counter<2> 
                  ...................XX.XXX...X........... 6       
XLXI_4/input_temp<4> 
                  .....................X...XXX............ 4       
XLXI_4/input_temp<1> 
                  X....................X...XXX............ 5       
XLXI_5/counter<31> 
                  .X.................XX.XXXX..X........... 8       
XLXI_5/temp       ...................XX.....X.X........... 4       
XLXI_5/cs_state2  .....................X...XX.X........... 4       
XLXI_2/counter<14> 
                  ..XXXXXX.XXXXXXXXXX..................... 16      
XLXI_2/counter<15> 
                  ..XXXXXXXXXXXXXXXXX..................... 17      
dzielnikwy        ..XXXXXXXXXXXXXXXX...................... 16      
XLXI_5/cs_state1  ...........................X............ 1       
                 0----+----1----+----2----+----3----+----4
                           0         0         0         0
*********************************** FB3  ***********************************
This function block is part of I/O Bank number:               2
Number of function block inputs used/remaining:               20/20
Number of function block control terms used/remaining:        1/3
Number of PLA product terms used/remaining:                   32/24
Signal                        Total Loc     Pin  Pin     Pin   CTC CTR CTS CTE
Name                          Pt            No.  Type    Use   
Out_clock                     1     FB3_1   136  I/O     O                 
XLXI_5/counter<15>            3     FB3_2   135  I/O     (b)    +          
XLXI_5/counter<14>            3     FB3_3   134  I/O     (b)    +          
XLXI_5/counter<10>            3     FB3_4        (b)     (b)    +          
XLXI_5/counter<13>            3     FB3_5   133  I/O     (b)    +          
XLXI_5/counter<9>             3     FB3_6        (b)     (b)    +          
XLXI_5/counter<8>             3     FB3_7        (b)     (b)    +          
XLXI_5/counter<7>             3     FB3_8        (b)     (b)    +          
XLXI_5/counter<6>             3     FB3_9        (b)     (b)    +          
XLXI_5/counter<5>             3     FB3_10       (b)     (b)    +          
XLXI_5/counter<4>             3     FB3_11       (b)     (b)    +          
XLXI_5/counter<3>             3     FB3_12       (b)     (b)    +          
XLXI_5/counter<1>             3     FB3_13       (b)     (b)    +          
XLXI_5/counter<12>            3     FB3_14  132  I/O     (b)    +          
XLXI_5/counter<0>             3     FB3_15       (b)     (b)    +          
XLXI_5/counter<11>            3     FB3_16  131  I/O     (b)    +          

Signals Used by Logic in Function Block
  1: XLXI_4/input_temp<1>.COMB   8: XLXI_5/counter<14>  15: XLXI_5/counter<6> 
  2: XLXI_4/input_temp<4>.COMB   9: XLXI_5/counter<15>  16: XLXI_5/counter<7> 
  3: XLXI_5/counter<0>          10: XLXI_5/counter<1>   17: XLXI_5/counter<8> 
  4: XLXI_5/counter<10>         11: XLXI_5/counter<2>   18: XLXI_5/counter<9> 
  5: XLXI_5/counter<11>         12: XLXI_5/counter<3>   19: XLXI_5/temp 
  6: XLXI_5/counter<12>         13: XLXI_5/counter<4>   20: dzielnikwy 
  7: XLXI_5/counter<13>         14: XLXI_5/counter<5>  

Signal                     1         2         3         4 FB      
Name             0----+----0----+----0----+----0----+----0 Inputs  
Out_clock         ..................XX.................... 2       
XLXI_5/counter<15> 
                  XXXXXXXXXXXXXXXXXX.X.................... 19      
XLXI_5/counter<14> 
                  XXXXXXXX.XXXXXXXXX.X.................... 18      
XLXI_5/counter<10> 
                  XXXX.....XXXXXXXXX.X.................... 14      
XLXI_5/counter<13> 
                  XXXXXXX..XXXXXXXXX.X.................... 17      
XLXI_5/counter<9> 
                  XXX......XXXXXXXXX.X.................... 13      
XLXI_5/counter<8> 
                  XXX......XXXXXXXX..X.................... 12      
XLXI_5/counter<7> 
                  XXX......XXXXXXX...X.................... 11      
XLXI_5/counter<6> 
                  XXX......XXXXXX....X.................... 10      
XLXI_5/counter<5> 
                  XXX......XXXXX.....X.................... 9       
XLXI_5/counter<4> 
                  XXX......XXXX......X.................... 8       
XLXI_5/counter<3> 
                  XXX......XXX.......X.................... 7       
XLXI_5/counter<1> 
                  XXX......X.........X.................... 5       
XLXI_5/counter<12> 
                  XXXXXX...XXXXXXXXX.X.................... 16      
XLXI_5/counter<0> 
                  XXX................X.................... 4       
XLXI_5/counter<11> 
                  XXXXX....XXXXXXXXX.X.................... 15      
                 0----+----1----+----2----+----3----+----4
                           0         0         0         0
*********************************** FB4  ***********************************
This function block is part of I/O Bank number:               2
Number of function block inputs used/remaining:               36/4
Number of function block control terms used/remaining:        1/3
Number of PLA product terms used/remaining:                   34/22
Signal                        Total Loc     Pin  Pin     Pin   CTC CTR CTS CTE
Name                          Pt            No.  Type    Use   
XLXI_5/counter<19>            3     FB4_1   11   I/O     (b)    +          
XLXI_5/counter<20>            3     FB4_2   12   I/O     (b)    +          
XLXI_5/counter<21>            3     FB4_3   13   I/O     (b)    +          
XLXI_5/counter<22>            3     FB4_4   14   I/O     (b)    +          
XLXI_5/counter<23>            3     FB4_5   15   I/O     (b)    +          
XLXI_5/counter<24>            3     FB4_6   16   I/O     (b)    +          
XLXI_5/counter__add0000<27>   2     FB4_7        (b)     (b)               
N_PZ_261                      2     FB4_8        (b)     (b)               
XLXI_5/counter__add0000<29>   3     FB4_9        (b)     (b)               
XLXI_5/counter__add0000<30>   3     FB4_10       (b)     (b)               
XLXI_5/counter<25>            3     FB4_11       (b)     (b)    +          
XLXI_5/Mcompar_counter_cmp_ge0000_AGEB5
                              1     FB4_12  17   I/O     (b)               
N_PZ_255                      2     FB4_13       (b)     (b)               
N_PZ_274                      1     FB4_14  18   I/O     (b)               
XLXI_5/counter<26>            3     FB4_15       (b)     (b)    +          
XLXI_5/counter<28>            4     FB4_16       (b)     (b)    +          

Signals Used by Logic in Function Block
  1: N_PZ_255                   13: XLXI_5/counter<17>  25: XLXI_5/counter<28> 
  2: N_PZ_261                   14: XLXI_5/counter<18>  26: XLXI_5/counter<29> 
  3: XLXI_4/input_temp<1>.COMB  15: XLXI_5/counter<19>  27: XLXI_5/counter<2> 
  4: XLXI_4/input_temp<4>.COMB  16: XLXI_5/counter<1>   28: XLXI_5/counter<30> 
  5: XLXI_5/counter<0>          17: XLXI_5/counter<20>  29: XLXI_5/counter<3> 
  6: XLXI_5/counter<10>         18: XLXI_5/counter<21>  30: XLXI_5/counter<4> 
  7: XLXI_5/counter<11>         19: XLXI_5/counter<22>  31: XLXI_5/counter<5> 
  8: XLXI_5/counter<12>         20: XLXI_5/counter<23>  32: XLXI_5/counter<6> 
  9: XLXI_5/counter<13>         21: XLXI_5/counter<24>  33: XLXI_5/counter<7> 
 10: XLXI_5/counter<14>         22: XLXI_5/counter<25>  34: XLXI_5/counter<8> 
 11: XLXI_5/counter<15>         23: XLXI_5/counter<26>  35: XLXI_5/counter<9> 
 12: XLXI_5/counter<16>         24: XLXI_5/counter<27>  36: dzielnikwy 

Signal                     1         2         3         4 FB      
Name             0----+----0----+----0----+----0----+----0 Inputs  
XLXI_5/counter<19> 
                  ..XXXXXXXXXXXXXX..........X.XXXXXXXX.... 23      
XLXI_5/counter<20> 
                  ..XXXXXXXXXXXXXXX.........X.XXXXXXXX.... 24      
XLXI_5/counter<21> 
                  ..XXXXXXXXXXXXXXXX........X.XXXXXXXX.... 25      
XLXI_5/counter<22> 
                  ..XXXXXXXXXXXXXXXXX.......X.XXXXXXXX.... 26      
XLXI_5/counter<23> 
                  ..XXXXXXXXXXXXXXXXXX......X.XXXXXXXX.... 27      
XLXI_5/counter<24> 
                  ..XXXXXXXXXXXXXXXXXXX.....X.XXXXXXXX.... 28      
XLXI_5/counter__add0000<27> 
                  ....XXXXXXXXXXXXXXXXXXXX..X.XXXXXXX..... 28      
N_PZ_261          ....XXXXXXXXXXXXXXXXXXXXXX..XXXXXXX..... 29      
XLXI_5/counter__add0000<29> 
                  .X..XXXXXXXXXXXXXXXXXXXXXXX.XXXXXXX..... 31      
XLXI_5/counter__add0000<30> 
                  ....XXXXXXXXXXXXXXXXXXXXXXXXXXXXXXX..... 31      
XLXI_5/counter<25> 
                  ..XXXXXXXXXXXXXXXXXXXX....X.XXXXXXXX.... 29      
XLXI_5/Mcompar_counter_cmp_ge0000_AGEB5 
                  .....XXXXXXXXXX.XXXXXXXXXX.XXXXXXXX..... 28      
N_PZ_255          ....XXXXXXXXXXXXXXXXXXXXX.X.XXXXXXX..... 29      
N_PZ_274          .....XXXXXXXXXX.XXXXXXXXXX.XXXXXXXX..... 28      
XLXI_5/counter<26> 
                  ..XXXXXXXXXXXXXXXXXXXXX...X.XXXXXXXX.... 30      
XLXI_5/counter<28> 
                  X.XXXXXXXXXXXXXXXXXXXXXXX.X.XXXXXXXX.... 33      
                 0----+----1----+----2----+----3----+----4
                           0         0         0         0
*********************************** FB5  ***********************************
This function block is part of I/O Bank number:               1
Number of function block inputs used/remaining:               28/12
Number of function block control terms used/remaining:        1/3
Number of PLA product terms used/remaining:                   13/43
Signal                        Total Loc     Pin  Pin     Pin   CTC CTR CTS CTE
Name                          Pt            No.  Type    Use   
(unused)                      0     FB5_1        (b)           
(unused)                      0     FB5_2   33   I/O           
(unused)                      0     FB5_3        (b)           
(unused)                      0     FB5_4   32   GCK/I/O       
(unused)                      0     FB5_5   31   I/O           
(unused)                      0     FB5_6   30   GCK/I/O       
(unused)                      0     FB5_7        (b)           
(unused)                      0     FB5_8        (b)           
(unused)                      0     FB5_9        (b)           
XLXI_5/counter<30>            3     FB5_10       (b)     (b)    +          
XLXI_5/counter<29>            3     FB5_11       (b)     (b)    +          
XLXI_5/counter<27>            3     FB5_12       (b)     (b)    +          
XLXI_5/counter<16>            3     FB5_13       (b)     (b)    +          
(unused)                      0     FB5_14  28   I/O           
XLXI_5/counter<17>            3     FB5_15       (b)     (b)    +          
XLXI_5/counter<18>            3     FB5_16       (b)     (b)    +          

Signals Used by Logic in Function Block
  1: XLXI_4/input_temp<1>.COMB  11: XLXI_5/counter<17>  20: XLXI_5/counter<5> 
  2: XLXI_4/input_temp<4>.COMB  12: XLXI_5/counter<18>  21: XLXI_5/counter<6> 
  3: XLXI_5/counter<0>          13: XLXI_5/counter<1>   22: XLXI_5/counter<7> 
  4: XLXI_5/counter<10>         14: XLXI_5/counter<27>  23: XLXI_5/counter<8> 
  5: XLXI_5/counter<11>         15: XLXI_5/counter<29>  24: XLXI_5/counter<9> 
  6: XLXI_5/counter<12>         16: XLXI_5/counter<2>   25: XLXI_5/counter__add0000<27> 
  7: XLXI_5/counter<13>         17: XLXI_5/counter<30>  26: XLXI_5/counter__add0000<29> 
  8: XLXI_5/counter<14>         18: XLXI_5/counter<3>   27: XLXI_5/counter__add0000<30> 
  9: XLXI_5/counter<15>         19: XLXI_5/counter<4>   28: dzielnikwy 
 10: XLXI_5/counter<16>        

Signal                     1         2         3         4 FB      
Name             0----+----0----+----0----+----0----+----0 Inputs  
XLXI_5/counter<30> 
                  XX..............X.........XX............ 5       
XLXI_5/counter<29> 
                  XX............X..........X.X............ 5       
XLXI_5/counter<27> 
                  XX...........X..........X..X............ 5       
XLXI_5/counter<16> 
                  XXXXXXXXXX..X..X.XXXXXXX...X............ 20      
XLXI_5/counter<17> 
                  XXXXXXXXXXX.X..X.XXXXXXX...X............ 21      
XLXI_5/counter<18> 
                  XXXXXXXXXXXXX..X.XXXXXXX...X............ 22      
                 0----+----1----+----2----+----3----+----4
                           0         0         0         0
*********************************** FB6  ***********************************
This function block is part of I/O Bank number:               1
Number of function block inputs used/remaining:               1/39
Number of function block control terms used/remaining:        1/3
Number of PLA product terms used/remaining:                   1/55
Signal                        Total Loc     Pin  Pin     Pin   CTC CTR CTS CTE
Name                          Pt            No.  Type    Use   
(unused)                      0     FB6_1   34   I/O           
(unused)                      0     FB6_2   35   CDR/I/O       
(unused)                      0     FB6_3        (b)           
(unused)                      0     FB6_4   38   GCK/I/O GCK   
(unused)                      0     FB6_5        (b)           
(unused)                      0     FB6_6        (b)           
(unused)                      0     FB6_7        (b)           
(unused)                      0     FB6_8        (b)           
(unused)                      0     FB6_9        (b)           
(unused)                      0     FB6_10       (b)           
(unused)                      0     FB6_11       (b)           
XLXI_4/buf_wej                1     FB6_12  39   DGE/I/O I      +          
(unused)                      0     FB6_13  40   I/O           
(unused)                      0     FB6_14  41   I/O           
(unused)                      0     FB6_15  42   I/O           
(unused)                      0     FB6_16  43   I/O           

Signals Used by Logic in Function Block
  1: Out_clock        

Signal                     1         2         3         4 FB      
Name             0----+----0----+----0----+----0----+----0 Inputs  
                 0----+----1----+----2----+----3----+----4
                           0         0         0         0
*********************************** FB7  ***********************************
This function block is part of I/O Bank number:               1
Number of function block inputs used/remaining:               0/40
Number of function block control terms used/remaining:        0/4
Number of PLA product terms used/remaining:                   0/56
Signal                        Total Loc     Pin  Pin     Pin   CTC CTR CTS CTE
Name                          Pt            No.  Type    Use   
(unused)                      0     FB7_1        (b)           
(unused)                      0     FB7_2        (b)           
(unused)                      0     FB7_3        (b)           
(unused)                      0     FB7_4        (b)           
(unused)                      0     FB7_5   26   I/O           
(unused)                      0     FB7_6   25   I/O           
(unused)                      0     FB7_7        (b)           
(unused)                      0     FB7_8        (b)           
(unused)                      0     FB7_9        (b)           
(unused)                      0     FB7_10       (b)           
(unused)                      0     FB7_11  24   I/O           
(unused)                      0     FB7_12  23   I/O           
(unused)                      0     FB7_13  22   I/O           
(unused)                      0     FB7_14  21   I/O           
(unused)                      0     FB7_15  20   I/O           
(unused)                      0     FB7_16  19   I/O           
*********************************** FB8  ***********************************
This function block is part of I/O Bank number:               1
Number of function block inputs used/remaining:               0/40
Number of function block control terms used/remaining:        0/4
Number of PLA product terms used/remaining:                   0/56
Signal                        Total Loc     Pin  Pin     Pin   CTC CTR CTS CTE
Name                          Pt            No.  Type    Use   
(unused)                      0     FB8_1   44   I/O           
(unused)                      0     FB8_2   45   I/O           
(unused)                      0     FB8_3   46   I/O           
(unused)                      0     FB8_4        (b)           
(unused)                      0     FB8_5   48   I/O           
(unused)                      0     FB8_6   49   I/O           
(unused)                      0     FB8_7        (b)           
(unused)                      0     FB8_8        (b)           
(unused)                      0     FB8_9        (b)           
(unused)                      0     FB8_10       (b)           
(unused)                      0     FB8_11  50   I/O           
(unused)                      0     FB8_12  51   I/O           
(unused)                      0     FB8_13  52   I/O           
(unused)                      0     FB8_14       (b)           
(unused)                      0     FB8_15       (b)           
(unused)                      0     FB8_16       (b)           
*********************************** FB9  ***********************************
This function block is part of I/O Bank number:               2
Number of function block inputs used/remaining:               5/35
Number of function block control terms used/remaining:        1/3
Number of PLA product terms used/remaining:                   5/51
Signal                        Total Loc     Pin  Pin     Pin   CTC CTR CTS CTE
Name                          Pt            No.  Type    Use   
(unused)                      0     FB9_1   112  I/O           
Output_data<3>                2     FB9_2   113  I/O     O      +          
(unused)                      0     FB9_3        (b)           
(unused)                      0     FB9_4   114  I/O           
(unused)                      0     FB9_5        (b)           
Output_data<2>                2     FB9_6   115  I/O     O      +          
(unused)                      0     FB9_7        (b)           
(unused)                      0     FB9_8        (b)           
(unused)                      0     FB9_9        (b)           
(unused)                      0     FB9_10       (b)           
(unused)                      0     FB9_11       (b)           
(unused)                      0     FB9_12  116  I/O           
Output_data<1>                2     FB9_13  117  I/O     O      +          
(unused)                      0     FB9_14  118  I/O           
Output_data<0>                2     FB9_15  119  I/O     O      +          
(unused)                      0     FB9_16       (b)           

Signals Used by Logic in Function Block
  1: Out_clock          3: XLXI_4/input_temp<0>   5: XLXI_4/input_temp<2> 
  2: XLXI_4/buf_wej     4: XLXI_4/input_temp<1> 

Signal                     1         2         3         4 FB      
Name             0----+----0----+----0----+----0----+----0 Inputs  
Output_data<3>    X...X................................... 2       
Output_data<2>    X..X.................................... 2       
Output_data<1>    X.X..................................... 2       
Output_data<0>    XX...................................... 2       
                 0----+----1----+----2----+----3----+----4
                           0         0         0         0
*********************************** FB10 ***********************************
This function block is part of I/O Bank number:               2
Number of function block inputs used/remaining:               3/37
Number of function block control terms used/remaining:        1/3
Number of PLA product terms used/remaining:                   3/53
Signal                        Total Loc     Pin  Pin     Pin   CTC CTR CTS CTE
Name                          Pt            No.  Type    Use   
(unused)                      0     FB10_1  111  I/O           
(unused)                      0     FB10_2  110  I/O           
(unused)                      0     FB10_3  107  I/O           
(unused)                      0     FB10_4  106  I/O           
(unused)                      0     FB10_5  105  I/O           
Output_data<4>                2     FB10_6  104  I/O     O      +          
(unused)                      0     FB10_7       (b)           
(unused)                      0     FB10_8       (b)           
(unused)                      0     FB10_9       (b)           
(unused)                      0     FB10_10      (b)           
(unused)                      0     FB10_11      (b)           
(unused)                      0     FB10_12 103  I/O           
(unused)                      0     FB10_13      (b)           
Output_data<5>                2     FB10_14 102  I/O     O      +          
(unused)                      0     FB10_15      (b)           
(unused)                      0     FB10_16 101  I/O           

Signals Used by Logic in Function Block
  1: Out_clock          2: XLXI_4/input_temp<3>   3: XLXI_4/input_temp<4> 

Signal                     1         2         3         4 FB      
Name             0----+----0----+----0----+----0----+----0 Inputs  
Output_data<4>    XX...................................... 2       
Output_data<5>    X.X..................................... 2       
                 0----+----1----+----2----+----3----+----4
                           0         0         0         0
*********************************** FB11 ***********************************
This function block is part of I/O Bank number:               2
Number of function block inputs used/remaining:               0/40
Number of function block control terms used/remaining:        0/4
Number of PLA product terms used/remaining:                   0/56
Signal                        Total Loc     Pin  Pin     Pin   CTC CTR CTS CTE
Name                          Pt            No.  Type    Use   
(unused)                      0     FB11_1       (b)           
(unused)                      0     FB11_2       (b)           
(unused)                      0     FB11_3       (b)           
(unused)                      0     FB11_4       (b)           
(unused)                      0     FB11_5  120  I/O           
(unused)                      0     FB11_6  121  I/O           
(unused)                      0     FB11_7       (b)           
(unused)                      0     FB11_8       (b)           
(unused)                      0     FB11_9       (b)           
(unused)                      0     FB11_10      (b)           
(unused)                      0     FB11_11 124  I/O           
(unused)                      0     FB11_12 125  I/O           
(unused)                      0     FB11_13 126  I/O           
(unused)                      0     FB11_14 128  I/O           
(unused)                      0     FB11_15 129  I/O           
(unused)                      0     FB11_16 130  I/O           
*********************************** FB12 ***********************************
This function block is part of I/O Bank number:               2
Number of function block inputs used/remaining:               3/37
Number of function block control terms used/remaining:        1/3
Number of PLA product terms used/remaining:                   3/53
Signal                        Total Loc     Pin  Pin     Pin   CTC CTR CTS CTE
Name                          Pt            No.  Type    Use   
(unused)                      0     FB12_1       (b)           
Output_data<6>                2     FB12_2  100  I/O     O      +          
(unused)                      0     FB12_3       (b)           
(unused)                      0     FB12_4       (b)           
(unused)                      0     FB12_5       (b)           
(unused)                      0     FB12_6       (b)           
(unused)                      0     FB12_7       (b)           
(unused)                      0     FB12_8       (b)           
(unused)                      0     FB12_9       (b)           
(unused)                      0     FB12_10      (b)           
(unused)                      0     FB12_11 98   I/O           
Output_data<7>                2     FB12_12 97   I/O     O      +          
(unused)                      0     FB12_13 96   I/O           
(unused)                      0     FB12_14 95   I/O           
(unused)                      0     FB12_15 94   I/O           
(unused)                      0     FB12_16      (b)           

Signals Used by Logic in Function Block
  1: Out_clock          2: XLXI_4/input_temp<5>   3: XLXI_4/input_temp<6> 

Signal                     1         2         3         4 FB      
Name             0----+----0----+----0----+----0----+----0 Inputs  
Output_data<6>    XX...................................... 2       
Output_data<7>    X.X..................................... 2       
                 0----+----1----+----2----+----3----+----4
                           0         0         0         0
*********************************** FB13 ***********************************
This function block is part of I/O Bank number:               1
Number of function block inputs used/remaining:               0/40
Number of function block control terms used/remaining:        0/4
Number of PLA product terms used/remaining:                   0/56
Signal                        Total Loc     Pin  Pin     Pin   CTC CTR CTS CTE
Name                          Pt            No.  Type    Use   
(unused)                      0     FB13_1  75   I/O           
(unused)                      0     FB13_2  76   I/O           
(unused)                      0     FB13_3  77   I/O           
(unused)                      0     FB13_4       (b)           
(unused)                      0     FB13_5  78   I/O           
(unused)                      0     FB13_6  79   I/O           
(unused)                      0     FB13_7       (b)           
(unused)                      0     FB13_8       (b)           
(unused)                      0     FB13_9       (b)           
(unused)                      0     FB13_10      (b)           
(unused)                      0     FB13_11      (b)           
(unused)                      0     FB13_12 80   I/O           
(unused)                      0     FB13_13 81   I/O           
(unused)                      0     FB13_14 82   I/O           
(unused)                      0     FB13_15      (b)           
(unused)                      0     FB13_16      (b)           
*********************************** FB14 ***********************************
This function block is part of I/O Bank number:               1
Number of function block inputs used/remaining:               0/40
Number of function block control terms used/remaining:        0/4
Number of PLA product terms used/remaining:                   0/56
Signal                        Total Loc     Pin  Pin     Pin   CTC CTR CTS CTE
Name                          Pt            No.  Type    Use   
(unused)                      0     FB14_1  74   I/O           
(unused)                      0     FB14_2  71   I/O           
(unused)                      0     FB14_3  70   I/O           
(unused)                      0     FB14_4  69   I/O           
(unused)                      0     FB14_5       (b)           
(unused)                      0     FB14_6  68   I/O           
(unused)                      0     FB14_7       (b)           
(unused)                      0     FB14_8       (b)           
(unused)                      0     FB14_9       (b)           
(unused)                      0     FB14_10      (b)           
(unused)                      0     FB14_11      (b)           
(unused)                      0     FB14_12      (b)           
(unused)                      0     FB14_13 66   I/O           
(unused)                      0     FB14_14 64   I/O           
(unused)                      0     FB14_15      (b)           
(unused)                      0     FB14_16 61   I/O           
*********************************** FB15 ***********************************
This function block is part of I/O Bank number:               1
Number of function block inputs used/remaining:               0/40
Number of function block control terms used/remaining:        0/4
Number of PLA product terms used/remaining:                   0/56
Signal                        Total Loc     Pin  Pin     Pin   CTC CTR CTS CTE
Name                          Pt            No.  Type    Use   
(unused)                      0     FB15_1       (b)           
(unused)                      0     FB15_2  83   I/O           
(unused)                      0     FB15_3       (b)           
(unused)                      0     FB15_4       (b)           
(unused)                      0     FB15_5       (b)           
(unused)                      0     FB15_6       (b)           
(unused)                      0     FB15_7       (b)           
(unused)                      0     FB15_8       (b)           
(unused)                      0     FB15_9       (b)           
(unused)                      0     FB15_10      (b)           
(unused)                      0     FB15_11 85   I/O           
(unused)                      0     FB15_12 86   I/O           
(unused)                      0     FB15_13 87   I/O           
(unused)                      0     FB15_14 88   I/O           
(unused)                      0     FB15_15 91   I/O           
(unused)                      0     FB15_16 92   I/O           
*********************************** FB16 ***********************************
This function block is part of I/O Bank number:               1
Number of function block inputs used/remaining:               0/40
Number of function block control terms used/remaining:        0/4
Number of PLA product terms used/remaining:                   0/56
Signal                        Total Loc     Pin  Pin     Pin   CTC CTR CTS CTE
Name                          Pt            No.  Type    Use   
(unused)                      0     FB16_1       (b)           
(unused)                      0     FB16_2       (b)           
(unused)                      0     FB16_3       (b)           
(unused)                      0     FB16_4       (b)           
(unused)                      0     FB16_5  60   I/O           
(unused)                      0     FB16_6  59   I/O           
(unused)                      0     FB16_7       (b)           
(unused)                      0     FB16_8       (b)           
(unused)                      0     FB16_9       (b)           
(unused)                      0     FB16_10      (b)           
(unused)                      0     FB16_11 58   I/O           
(unused)                      0     FB16_12 57   I/O           
(unused)                      0     FB16_13 56   I/O           
(unused)                      0     FB16_14      (b)           
(unused)                      0     FB16_15 54   I/O           
(unused)                      0     FB16_16 53   I/O           
*******************************  Equations  ********************************

********** Mapped Logic **********

FDCPE_MOSI: FDCPE port map (MOSI,XLXI_4/input_temp(7),Out_clock,'0','0','1');


NCS <= ((XLXI_5/cs_state2 AND XLXI_5/cs_state1)
	OR (NOT XLXI_5/cs_state2 AND NOT XLXI_5/cs_state1));


N_PZ_255 <= ((NOT XLXI_5/counter(28))
	OR (XLXI_5/counter(0) AND XLXI_5/counter(1) AND 
	XLXI_5/counter(2) AND XLXI_5/counter(10) AND XLXI_5/counter(3) AND 
	XLXI_5/counter(4) AND XLXI_5/counter(5) AND XLXI_5/counter(6) AND 
	XLXI_5/counter(7) AND XLXI_5/counter(8) AND XLXI_5/counter(9) AND 
	XLXI_5/counter(11) AND XLXI_5/counter(12) AND XLXI_5/counter(13) AND 
	XLXI_5/counter(14) AND XLXI_5/counter(15) AND XLXI_5/counter(16) AND 
	XLXI_5/counter(17) AND XLXI_5/counter(18) AND XLXI_5/counter(19) AND 
	XLXI_5/counter(20) AND XLXI_5/counter(21) AND XLXI_5/counter(22) AND 
	XLXI_5/counter(23) AND XLXI_5/counter(24) AND XLXI_5/counter(25) AND 
	XLXI_5/counter(26) AND XLXI_5/counter(27)));


N_PZ_261 <= ((NOT XLXI_5/counter(29))
	OR (XLXI_5/counter(0) AND XLXI_5/counter(1) AND 
	XLXI_5/counter(10) AND XLXI_5/counter(3) AND XLXI_5/counter(4) AND 
	XLXI_5/counter(5) AND XLXI_5/counter(6) AND XLXI_5/counter(7) AND 
	XLXI_5/counter(8) AND XLXI_5/counter(9) AND XLXI_5/counter(11) AND 
	XLXI_5/counter(12) AND XLXI_5/counter(13) AND XLXI_5/counter(14) AND 
	XLXI_5/counter(15) AND XLXI_5/counter(16) AND XLXI_5/counter(17) AND 
	XLXI_5/counter(18) AND XLXI_5/counter(19) AND XLXI_5/counter(20) AND 
	XLXI_5/counter(21) AND XLXI_5/counter(22) AND XLXI_5/counter(23) AND 
	XLXI_5/counter(24) AND XLXI_5/counter(25) AND XLXI_5/counter(26) AND 
	XLXI_5/counter(27) AND XLXI_5/counter(28)));


N_PZ_274 <= (XLXI_5/counter(10) AND XLXI_5/counter(3) AND 
	XLXI_5/counter(4) AND XLXI_5/counter(5) AND XLXI_5/counter(6) AND 
	XLXI_5/counter(7) AND XLXI_5/counter(8) AND XLXI_5/counter(9) AND 
	XLXI_5/counter(11) AND XLXI_5/counter(12) AND XLXI_5/counter(13) AND 
	XLXI_5/counter(14) AND XLXI_5/counter(15) AND XLXI_5/counter(16) AND 
	XLXI_5/counter(17) AND XLXI_5/counter(18) AND XLXI_5/counter(19) AND 
	XLXI_5/counter(20) AND XLXI_5/counter(21) AND XLXI_5/counter(22) AND 
	XLXI_5/counter(23) AND XLXI_5/counter(24) AND XLXI_5/counter(25) AND 
	XLXI_5/counter(26) AND XLXI_5/counter(27) AND XLXI_5/counter(28) AND 
	XLXI_5/counter(29) AND XLXI_5/counter(30));

FTDCPE_Out_clock: FTDCPE port map (Out_clock,'0',Out_clock_C,'0','0','1');
Out_clock_C <= NOT ((dzielnikwy AND XLXI_5/temp));

FDCPE_Output_data0: FDCPE port map (Output_data(0),XLXI_4/buf_wej,Out_clock,'0','0','1');

FDCPE_Output_data1: FDCPE port map (Output_data(1),XLXI_4/input_temp(0),Out_clock,'0','0','1');

FDCPE_Output_data2: FDCPE port map (Output_data(2),XLXI_4/input_temp(1),Out_clock,'0','0','1');

FDCPE_Output_data3: FDCPE port map (Output_data(3),XLXI_4/input_temp(2),Out_clock,'0','0','1');

FDCPE_Output_data4: FDCPE port map (Output_data(4),XLXI_4/input_temp(3),Out_clock,'0','0','1');

FDCPE_Output_data5: FDCPE port map (Output_data(5),XLXI_4/input_temp(4),Out_clock,'0','0','1');

FDCPE_Output_data6: FDCPE port map (Output_data(6),XLXI_4/input_temp(5),Out_clock,'0','0','1');

FDCPE_Output_data7: FDCPE port map (Output_data(7),XLXI_4/input_temp(6),Out_clock,'0','0','1');

FDCPE_XLXI_2/counter0: FDCPE port map (XLXI_2/counter(0),XLXI_2/counter_D(0),In_clock,'0','0','1');
XLXI_2/counter_D(0) <= NOT ((XLXI_2/counter(0) AND NOT XLXI_4/input_temp(0).COMB));

FDCPE_XLXI_2/counter1: FDCPE port map (XLXI_2/counter(1),XLXI_2/counter_D(1),In_clock,'0','0','1');
XLXI_2/counter_D(1) <= ((XLXI_2/counter(0) AND NOT XLXI_4/input_temp(0).COMB AND 
	NOT XLXI_2/counter(1))
	OR (NOT XLXI_2/counter(0) AND NOT XLXI_4/input_temp(0).COMB AND 
	XLXI_2/counter(1)));

FTCPE_XLXI_2/counter2: FTCPE port map (XLXI_2/counter(2),XLXI_2/counter_T(2),In_clock,'0','0','1');
XLXI_2/counter_T(2) <= ((XLXI_4/input_temp(0).COMB AND XLXI_2/counter(2))
	OR (XLXI_2/counter(0) AND NOT XLXI_4/input_temp(0).COMB AND 
	XLXI_2/counter(1)));

FTCPE_XLXI_2/counter3: FTCPE port map (XLXI_2/counter(3),XLXI_2/counter_T(3),In_clock,'0','0','1');
XLXI_2/counter_T(3) <= ((XLXI_4/input_temp(0).COMB AND XLXI_2/counter(3))
	OR (XLXI_2/counter(0) AND NOT XLXI_4/input_temp(0).COMB AND 
	XLXI_2/counter(1) AND XLXI_2/counter(2)));

FTCPE_XLXI_2/counter4: FTCPE port map (XLXI_2/counter(4),XLXI_2/counter_T(4),In_clock,'0','0','1');
XLXI_2/counter_T(4) <= ((XLXI_4/input_temp(0).COMB AND XLXI_2/counter(4))
	OR (XLXI_2/counter(0) AND NOT XLXI_4/input_temp(0).COMB AND 
	XLXI_2/counter(1) AND XLXI_2/counter(2) AND XLXI_2/counter(3)));

FTCPE_XLXI_2/counter5: FTCPE port map (XLXI_2/counter(5),XLXI_2/counter_T(5),In_clock,'0','0','1');
XLXI_2/counter_T(5) <= ((XLXI_4/input_temp(0).COMB AND XLXI_2/counter(5))
	OR (XLXI_2/counter(0) AND NOT XLXI_4/input_temp(0).COMB AND 
	XLXI_2/counter(1) AND XLXI_2/counter(2) AND XLXI_2/counter(3) AND 
	XLXI_2/counter(4)));

FTCPE_XLXI_2/counter6: FTCPE port map (XLXI_2/counter(6),XLXI_2/counter_T(6),In_clock,'0','0','1');
XLXI_2/counter_T(6) <= ((XLXI_4/input_temp(0).COMB AND XLXI_2/counter(6))
	OR (XLXI_2/counter(0) AND NOT XLXI_4/input_temp(0).COMB AND 
	XLXI_2/counter(1) AND XLXI_2/counter(2) AND XLXI_2/counter(3) AND 
	XLXI_2/counter(4) AND XLXI_2/counter(5)));

FTCPE_XLXI_2/counter7: FTCPE port map (XLXI_2/counter(7),XLXI_2/counter_T(7),In_clock,'0','0','1');
XLXI_2/counter_T(7) <= ((XLXI_4/input_temp(0).COMB AND XLXI_2/counter(7))
	OR (XLXI_2/counter(0) AND NOT XLXI_4/input_temp(0).COMB AND 
	XLXI_2/counter(1) AND XLXI_2/counter(2) AND XLXI_2/counter(3) AND 
	XLXI_2/counter(4) AND XLXI_2/counter(5) AND XLXI_2/counter(6)));

FTCPE_XLXI_2/counter8: FTCPE port map (XLXI_2/counter(8),XLXI_2/counter_T(8),In_clock,'0','0','1');
XLXI_2/counter_T(8) <= ((XLXI_4/input_temp(0).COMB AND XLXI_2/counter(8))
	OR (XLXI_2/counter(0) AND NOT XLXI_4/input_temp(0).COMB AND 
	XLXI_2/counter(1) AND XLXI_2/counter(2) AND XLXI_2/counter(3) AND 
	XLXI_2/counter(4) AND XLXI_2/counter(5) AND XLXI_2/counter(6) AND 
	XLXI_2/counter(7)));

FTCPE_XLXI_2/counter9: FTCPE port map (XLXI_2/counter(9),XLXI_2/counter_T(9),In_clock,'0','0','1');
XLXI_2/counter_T(9) <= ((XLXI_4/input_temp(0).COMB AND XLXI_2/counter(9))
	OR (XLXI_2/counter(0) AND NOT XLXI_4/input_temp(0).COMB AND 
	XLXI_2/counter(1) AND XLXI_2/counter(2) AND XLXI_2/counter(3) AND 
	XLXI_2/counter(4) AND XLXI_2/counter(5) AND XLXI_2/counter(6) AND 
	XLXI_2/counter(7) AND XLXI_2/counter(8)));

FTCPE_XLXI_2/counter10: FTCPE port map (XLXI_2/counter(10),XLXI_2/counter_T(10),In_clock,'0','0','1');
XLXI_2/counter_T(10) <= ((XLXI_4/input_temp(0).COMB AND XLXI_2/counter(10))
	OR (XLXI_2/counter(0) AND NOT XLXI_4/input_temp(0).COMB AND 
	XLXI_2/counter(1) AND XLXI_2/counter(2) AND XLXI_2/counter(3) AND 
	XLXI_2/counter(4) AND XLXI_2/counter(5) AND XLXI_2/counter(6) AND 
	XLXI_2/counter(7) AND XLXI_2/counter(8) AND XLXI_2/counter(9)));

FTCPE_XLXI_2/counter11: FTCPE port map (XLXI_2/counter(11),XLXI_2/counter_T(11),In_clock,'0','0','1');
XLXI_2/counter_T(11) <= ((XLXI_4/input_temp(0).COMB AND XLXI_2/counter(11))
	OR (XLXI_2/counter(0) AND NOT XLXI_4/input_temp(0).COMB AND 
	XLXI_2/counter(10) AND XLXI_2/counter(1) AND XLXI_2/counter(2) AND 
	XLXI_2/counter(3) AND XLXI_2/counter(4) AND XLXI_2/counter(5) AND 
	XLXI_2/counter(6) AND XLXI_2/counter(7) AND XLXI_2/counter(8) AND 
	XLXI_2/counter(9)));

FTCPE_XLXI_2/counter12: FTCPE port map (XLXI_2/counter(12),XLXI_2/counter_T(12),In_clock,'0','0','1');
XLXI_2/counter_T(12) <= ((XLXI_4/input_temp(0).COMB AND XLXI_2/counter(12))
	OR (XLXI_2/counter(0) AND NOT XLXI_4/input_temp(0).COMB AND 
	XLXI_2/counter(10) AND XLXI_2/counter(1) AND XLXI_2/counter(2) AND 
	XLXI_2/counter(3) AND XLXI_2/counter(4) AND XLXI_2/counter(5) AND 
	XLXI_2/counter(6) AND XLXI_2/counter(7) AND XLXI_2/counter(8) AND 
	XLXI_2/counter(9) AND XLXI_2/counter(11)));

FTCPE_XLXI_2/counter13: FTCPE port map (XLXI_2/counter(13),XLXI_2/counter_T(13),In_clock,'0','0','1');
XLXI_2/counter_T(13) <= ((XLXI_4/input_temp(0).COMB AND XLXI_2/counter(13))
	OR (XLXI_2/counter(0) AND NOT XLXI_4/input_temp(0).COMB AND 
	XLXI_2/counter(10) AND XLXI_2/counter(1) AND XLXI_2/counter(2) AND 
	XLXI_2/counter(3) AND XLXI_2/counter(4) AND XLXI_2/counter(5) AND 
	XLXI_2/counter(6) AND XLXI_2/counter(7) AND XLXI_2/counter(8) AND 
	XLXI_2/counter(9) AND XLXI_2/counter(11) AND XLXI_2/counter(12)));

FTCPE_XLXI_2/counter14: FTCPE port map (XLXI_2/counter(14),XLXI_2/counter_T(14),In_clock,'0','0','1');
XLXI_2/counter_T(14) <= ((XLXI_4/input_temp(0).COMB AND XLXI_2/counter(14))
	OR (XLXI_2/counter(0) AND NOT XLXI_4/input_temp(0).COMB AND 
	XLXI_2/counter(10) AND XLXI_2/counter(1) AND XLXI_2/counter(2) AND 
	XLXI_2/counter(3) AND XLXI_2/counter(4) AND XLXI_2/counter(5) AND 
	XLXI_2/counter(6) AND XLXI_2/counter(7) AND XLXI_2/counter(8) AND 
	XLXI_2/counter(9) AND XLXI_2/counter(11) AND XLXI_2/counter(12) AND 
	XLXI_2/counter(13)));

FTCPE_XLXI_2/counter15: FTCPE port map (XLXI_2/counter(15),XLXI_2/counter_T(15),In_clock,'0','0','1');
XLXI_2/counter_T(15) <= ((XLXI_4/input_temp(0).COMB AND XLXI_2/counter(15))
	OR (XLXI_2/counter(0) AND NOT XLXI_4/input_temp(0).COMB AND 
	XLXI_2/counter(10) AND XLXI_2/counter(1) AND XLXI_2/counter(2) AND 
	XLXI_2/counter(3) AND XLXI_2/counter(4) AND XLXI_2/counter(5) AND 
	XLXI_2/counter(6) AND XLXI_2/counter(7) AND XLXI_2/counter(8) AND 
	XLXI_2/counter(9) AND XLXI_2/counter(11) AND XLXI_2/counter(12) AND 
	XLXI_2/counter(13) AND XLXI_2/counter(14)));

FDCPE_XLXI_4/buf_wej: FDCPE port map (XLXI_4/buf_wej,MISO,Out_clock,'0','0','1');


XLXI_4/input_temp(0).COMB <= (XLXI_2/counter(0) AND NOT XLXI_2/counter(10) AND 
	XLXI_2/counter(1) AND XLXI_2/counter(2) AND XLXI_2/counter(3) AND 
	NOT XLXI_2/counter(4) AND NOT XLXI_2/counter(5) AND XLXI_2/counter(6) AND 
	NOT XLXI_2/counter(7) AND XLXI_2/counter(8) AND XLXI_2/counter(9) AND 
	NOT XLXI_2/counter(11) AND NOT XLXI_2/counter(12) AND NOT XLXI_2/counter(13) AND 
	XLXI_2/counter(14) AND XLXI_2/counter(15));FDCPE_XLXI_4/input_temp0: FDCPE port map (XLXI_4/input_temp(0),Input_data(0),btn0,'0','0','1');


XLXI_4/input_temp(1).COMB <= ((XLXI_5/counter(31) AND NOT NCS)
	OR (XLXI_5/Mcompar_counter_cmp_ge0000_AGEB5 AND NOT NCS)
	OR (XLXI_5/temp AND NOT XLXI_5/counter(31) AND 
	NOT XLXI_5/Mcompar_counter_cmp_ge0000_AGEB5));FDCPE_XLXI_4/input_temp1: FDCPE port map (XLXI_4/input_temp(1),Input_data(1),btn0,'0','0','1');

FDCPE_XLXI_4/input_temp2: FDCPE port map (XLXI_4/input_temp(2),Input_data(2),btn0,'0','0','1');

FDCPE_XLXI_4/input_temp3: FDCPE port map (XLXI_4/input_temp(3),Input_data(3),btn0,'0','0','1');


XLXI_4/input_temp(4).COMB <= (XLXI_5/temp AND NOT XLXI_5/counter(31) AND 
	NOT XLXI_5/Mcompar_counter_cmp_ge0000_AGEB5);FDCPE_XLXI_4/input_temp4: FDCPE port map (XLXI_4/input_temp(4),Input_data(4),btn0,'0','0','1');

FDCPE_XLXI_4/input_temp5: FDCPE port map (XLXI_4/input_temp(5),Input_data(5),btn0,'0','0','1');

FDCPE_XLXI_4/input_temp6: FDCPE port map (XLXI_4/input_temp(6),Input_data(6),btn0,'0','0','1');

FDCPE_XLXI_4/input_temp7: FDCPE port map (XLXI_4/input_temp(7),Input_data(7),btn0,'0','0','1');


XLXI_5/Mcompar_counter_cmp_ge0000_AGEB5 <= (NOT XLXI_5/counter(10) AND NOT XLXI_5/counter(3) AND 
	NOT XLXI_5/counter(4) AND NOT XLXI_5/counter(5) AND NOT XLXI_5/counter(6) AND 
	NOT XLXI_5/counter(7) AND NOT XLXI_5/counter(8) AND NOT XLXI_5/counter(9) AND 
	NOT XLXI_5/counter(11) AND NOT XLXI_5/counter(12) AND NOT XLXI_5/counter(13) AND 
	NOT XLXI_5/counter(14) AND NOT XLXI_5/counter(15) AND NOT XLXI_5/counter(16) AND 
	NOT XLXI_5/counter(17) AND NOT XLXI_5/counter(18) AND NOT XLXI_5/counter(19) AND 
	NOT XLXI_5/counter(20) AND NOT XLXI_5/counter(21) AND NOT XLXI_5/counter(22) AND 
	NOT XLXI_5/counter(23) AND NOT XLXI_5/counter(24) AND NOT XLXI_5/counter(25) AND 
	NOT XLXI_5/counter(26) AND NOT XLXI_5/counter(27) AND NOT XLXI_5/counter(28) AND 
	NOT XLXI_5/counter(29) AND NOT XLXI_5/counter(30));

FDCPE_XLXI_5/counter0: FDCPE port map (XLXI_5/counter(0),XLXI_5/counter_D(0),dzielnikwy,'0','0','1');
XLXI_5/counter_D(0) <= ((NOT XLXI_4/input_temp(1).COMB AND XLXI_5/counter(0))
	OR (NOT XLXI_4/input_temp(4).COMB AND 
	XLXI_4/input_temp(1).COMB AND NOT XLXI_5/counter(0)));

FTCPE_XLXI_5/counter1: FTCPE port map (XLXI_5/counter(1),XLXI_5/counter_T(1),dzielnikwy,'0','0','1');
XLXI_5/counter_T(1) <= ((XLXI_4/input_temp(4).COMB AND 
	XLXI_4/input_temp(1).COMB AND XLXI_5/counter(1))
	OR (NOT XLXI_4/input_temp(4).COMB AND 
	XLXI_4/input_temp(1).COMB AND XLXI_5/counter(0)));

FTCPE_XLXI_5/counter2: FTCPE port map (XLXI_5/counter(2),XLXI_5/counter_T(2),dzielnikwy,'0','0','1');
XLXI_5/counter_T(2) <= ((XLXI_4/input_temp(4).COMB AND 
	XLXI_4/input_temp(1).COMB AND XLXI_5/counter(2))
	OR (NOT XLXI_4/input_temp(4).COMB AND 
	XLXI_4/input_temp(1).COMB AND XLXI_5/counter(0) AND XLXI_5/counter(1)));

FTCPE_XLXI_5/counter3: FTCPE port map (XLXI_5/counter(3),XLXI_5/counter_T(3),dzielnikwy,'0','0','1');
XLXI_5/counter_T(3) <= ((XLXI_4/input_temp(4).COMB AND 
	XLXI_4/input_temp(1).COMB AND XLXI_5/counter(3))
	OR (NOT XLXI_4/input_temp(4).COMB AND 
	XLXI_4/input_temp(1).COMB AND XLXI_5/counter(0) AND XLXI_5/counter(1) AND 
	XLXI_5/counter(2)));

FTCPE_XLXI_5/counter4: FTCPE port map (XLXI_5/counter(4),XLXI_5/counter_T(4),dzielnikwy,'0','0','1');
XLXI_5/counter_T(4) <= ((XLXI_4/input_temp(4).COMB AND 
	XLXI_4/input_temp(1).COMB AND XLXI_5/counter(4))
	OR (NOT XLXI_4/input_temp(4).COMB AND 
	XLXI_4/input_temp(1).COMB AND XLXI_5/counter(0) AND XLXI_5/counter(1) AND 
	XLXI_5/counter(2) AND XLXI_5/counter(3)));

FTCPE_XLXI_5/counter5: FTCPE port map (XLXI_5/counter(5),XLXI_5/counter_T(5),dzielnikwy,'0','0','1');
XLXI_5/counter_T(5) <= ((XLXI_4/input_temp(4).COMB AND 
	XLXI_4/input_temp(1).COMB AND XLXI_5/counter(5))
	OR (NOT XLXI_4/input_temp(4).COMB AND 
	XLXI_4/input_temp(1).COMB AND XLXI_5/counter(0) AND XLXI_5/counter(1) AND 
	XLXI_5/counter(2) AND XLXI_5/counter(3) AND XLXI_5/counter(4)));

FTCPE_XLXI_5/counter6: FTCPE port map (XLXI_5/counter(6),XLXI_5/counter_T(6),dzielnikwy,'0','0','1');
XLXI_5/counter_T(6) <= ((XLXI_4/input_temp(4).COMB AND 
	XLXI_4/input_temp(1).COMB AND XLXI_5/counter(6))
	OR (NOT XLXI_4/input_temp(4).COMB AND 
	XLXI_4/input_temp(1).COMB AND XLXI_5/counter(0) AND XLXI_5/counter(1) AND 
	XLXI_5/counter(2) AND XLXI_5/counter(3) AND XLXI_5/counter(4) AND 
	XLXI_5/counter(5)));

FTCPE_XLXI_5/counter7: FTCPE port map (XLXI_5/counter(7),XLXI_5/counter_T(7),dzielnikwy,'0','0','1');
XLXI_5/counter_T(7) <= ((XLXI_4/input_temp(4).COMB AND 
	XLXI_4/input_temp(1).COMB AND XLXI_5/counter(7))
	OR (NOT XLXI_4/input_temp(4).COMB AND 
	XLXI_4/input_temp(1).COMB AND XLXI_5/counter(0) AND XLXI_5/counter(1) AND 
	XLXI_5/counter(2) AND XLXI_5/counter(3) AND XLXI_5/counter(4) AND 
	XLXI_5/counter(5) AND XLXI_5/counter(6)));

FTCPE_XLXI_5/counter8: FTCPE port map (XLXI_5/counter(8),XLXI_5/counter_T(8),dzielnikwy,'0','0','1');
XLXI_5/counter_T(8) <= ((XLXI_4/input_temp(4).COMB AND 
	XLXI_4/input_temp(1).COMB AND XLXI_5/counter(8))
	OR (NOT XLXI_4/input_temp(4).COMB AND 
	XLXI_4/input_temp(1).COMB AND XLXI_5/counter(0) AND XLXI_5/counter(1) AND 
	XLXI_5/counter(2) AND XLXI_5/counter(3) AND XLXI_5/counter(4) AND 
	XLXI_5/counter(5) AND XLXI_5/counter(6) AND XLXI_5/counter(7)));

FTCPE_XLXI_5/counter9: FTCPE port map (XLXI_5/counter(9),XLXI_5/counter_T(9),dzielnikwy,'0','0','1');
XLXI_5/counter_T(9) <= ((XLXI_4/input_temp(4).COMB AND 
	XLXI_4/input_temp(1).COMB AND XLXI_5/counter(9))
	OR (NOT XLXI_4/input_temp(4).COMB AND 
	XLXI_4/input_temp(1).COMB AND XLXI_5/counter(0) AND XLXI_5/counter(1) AND 
	XLXI_5/counter(2) AND XLXI_5/counter(3) AND XLXI_5/counter(4) AND 
	XLXI_5/counter(5) AND XLXI_5/counter(6) AND XLXI_5/counter(7) AND 
	XLXI_5/counter(8)));

FTCPE_XLXI_5/counter10: FTCPE port map (XLXI_5/counter(10),XLXI_5/counter_T(10),dzielnikwy,'0','0','1');
XLXI_5/counter_T(10) <= ((XLXI_4/input_temp(4).COMB AND 
	XLXI_4/input_temp(1).COMB AND XLXI_5/counter(10))
	OR (NOT XLXI_4/input_temp(4).COMB AND 
	XLXI_4/input_temp(1).COMB AND XLXI_5/counter(0) AND XLXI_5/counter(1) AND 
	XLXI_5/counter(2) AND XLXI_5/counter(3) AND XLXI_5/counter(4) AND 
	XLXI_5/counter(5) AND XLXI_5/counter(6) AND XLXI_5/counter(7) AND 
	XLXI_5/counter(8) AND XLXI_5/counter(9)));

FTCPE_XLXI_5/counter11: FTCPE port map (XLXI_5/counter(11),XLXI_5/counter_T(11),dzielnikwy,'0','0','1');
XLXI_5/counter_T(11) <= ((XLXI_4/input_temp(4).COMB AND 
	XLXI_4/input_temp(1).COMB AND XLXI_5/counter(11))
	OR (NOT XLXI_4/input_temp(4).COMB AND 
	XLXI_4/input_temp(1).COMB AND XLXI_5/counter(0) AND XLXI_5/counter(1) AND 
	XLXI_5/counter(2) AND XLXI_5/counter(10) AND XLXI_5/counter(3) AND 
	XLXI_5/counter(4) AND XLXI_5/counter(5) AND XLXI_5/counter(6) AND 
	XLXI_5/counter(7) AND XLXI_5/counter(8) AND XLXI_5/counter(9)));

FTCPE_XLXI_5/counter12: FTCPE port map (XLXI_5/counter(12),XLXI_5/counter_T(12),dzielnikwy,'0','0','1');
XLXI_5/counter_T(12) <= ((XLXI_4/input_temp(4).COMB AND 
	XLXI_4/input_temp(1).COMB AND XLXI_5/counter(12))
	OR (NOT XLXI_4/input_temp(4).COMB AND 
	XLXI_4/input_temp(1).COMB AND XLXI_5/counter(0) AND XLXI_5/counter(1) AND 
	XLXI_5/counter(2) AND XLXI_5/counter(10) AND XLXI_5/counter(3) AND 
	XLXI_5/counter(4) AND XLXI_5/counter(5) AND XLXI_5/counter(6) AND 
	XLXI_5/counter(7) AND XLXI_5/counter(8) AND XLXI_5/counter(9) AND 
	XLXI_5/counter(11)));

FTCPE_XLXI_5/counter13: FTCPE port map (XLXI_5/counter(13),XLXI_5/counter_T(13),dzielnikwy,'0','0','1');
XLXI_5/counter_T(13) <= ((XLXI_4/input_temp(4).COMB AND 
	XLXI_4/input_temp(1).COMB AND XLXI_5/counter(13))
	OR (NOT XLXI_4/input_temp(4).COMB AND 
	XLXI_4/input_temp(1).COMB AND XLXI_5/counter(0) AND XLXI_5/counter(1) AND 
	XLXI_5/counter(2) AND XLXI_5/counter(10) AND XLXI_5/counter(3) AND 
	XLXI_5/counter(4) AND XLXI_5/counter(5) AND XLXI_5/counter(6) AND 
	XLXI_5/counter(7) AND XLXI_5/counter(8) AND XLXI_5/counter(9) AND 
	XLXI_5/counter(11) AND XLXI_5/counter(12)));

FTCPE_XLXI_5/counter14: FTCPE port map (XLXI_5/counter(14),XLXI_5/counter_T(14),dzielnikwy,'0','0','1');
XLXI_5/counter_T(14) <= ((XLXI_4/input_temp(4).COMB AND 
	XLXI_4/input_temp(1).COMB AND XLXI_5/counter(14))
	OR (NOT XLXI_4/input_temp(4).COMB AND 
	XLXI_4/input_temp(1).COMB AND XLXI_5/counter(0) AND XLXI_5/counter(1) AND 
	XLXI_5/counter(2) AND XLXI_5/counter(10) AND XLXI_5/counter(3) AND 
	XLXI_5/counter(4) AND XLXI_5/counter(5) AND XLXI_5/counter(6) AND 
	XLXI_5/counter(7) AND XLXI_5/counter(8) AND XLXI_5/counter(9) AND 
	XLXI_5/counter(11) AND XLXI_5/counter(12) AND XLXI_5/counter(13)));

FTCPE_XLXI_5/counter15: FTCPE port map (XLXI_5/counter(15),XLXI_5/counter_T(15),dzielnikwy,'0','0','1');
XLXI_5/counter_T(15) <= ((XLXI_4/input_temp(4).COMB AND 
	XLXI_4/input_temp(1).COMB AND XLXI_5/counter(15))
	OR (NOT XLXI_4/input_temp(4).COMB AND 
	XLXI_4/input_temp(1).COMB AND XLXI_5/counter(0) AND XLXI_5/counter(1) AND 
	XLXI_5/counter(2) AND XLXI_5/counter(10) AND XLXI_5/counter(3) AND 
	XLXI_5/counter(4) AND XLXI_5/counter(5) AND XLXI_5/counter(6) AND 
	XLXI_5/counter(7) AND XLXI_5/counter(8) AND XLXI_5/counter(9) AND 
	XLXI_5/counter(11) AND XLXI_5/counter(12) AND XLXI_5/counter(13) AND 
	XLXI_5/counter(14)));

FTCPE_XLXI_5/counter16: FTCPE port map (XLXI_5/counter(16),XLXI_5/counter_T(16),dzielnikwy,'0','0','1');
XLXI_5/counter_T(16) <= ((XLXI_4/input_temp(4).COMB AND 
	XLXI_4/input_temp(1).COMB AND XLXI_5/counter(16))
	OR (NOT XLXI_4/input_temp(4).COMB AND 
	XLXI_4/input_temp(1).COMB AND XLXI_5/counter(0) AND XLXI_5/counter(1) AND 
	XLXI_5/counter(2) AND XLXI_5/counter(10) AND XLXI_5/counter(3) AND 
	XLXI_5/counter(4) AND XLXI_5/counter(5) AND XLXI_5/counter(6) AND 
	XLXI_5/counter(7) AND XLXI_5/counter(8) AND XLXI_5/counter(9) AND 
	XLXI_5/counter(11) AND XLXI_5/counter(12) AND XLXI_5/counter(13) AND 
	XLXI_5/counter(14) AND XLXI_5/counter(15)));

FTCPE_XLXI_5/counter17: FTCPE port map (XLXI_5/counter(17),XLXI_5/counter_T(17),dzielnikwy,'0','0','1');
XLXI_5/counter_T(17) <= ((XLXI_4/input_temp(4).COMB AND 
	XLXI_4/input_temp(1).COMB AND XLXI_5/counter(17))
	OR (NOT XLXI_4/input_temp(4).COMB AND 
	XLXI_4/input_temp(1).COMB AND XLXI_5/counter(0) AND XLXI_5/counter(1) AND 
	XLXI_5/counter(2) AND XLXI_5/counter(10) AND XLXI_5/counter(3) AND 
	XLXI_5/counter(4) AND XLXI_5/counter(5) AND XLXI_5/counter(6) AND 
	XLXI_5/counter(7) AND XLXI_5/counter(8) AND XLXI_5/counter(9) AND 
	XLXI_5/counter(11) AND XLXI_5/counter(12) AND XLXI_5/counter(13) AND 
	XLXI_5/counter(14) AND XLXI_5/counter(15) AND XLXI_5/counter(16)));

FTCPE_XLXI_5/counter18: FTCPE port map (XLXI_5/counter(18),XLXI_5/counter_T(18),dzielnikwy,'0','0','1');
XLXI_5/counter_T(18) <= ((XLXI_4/input_temp(4).COMB AND 
	XLXI_4/input_temp(1).COMB AND XLXI_5/counter(18))
	OR (NOT XLXI_4/input_temp(4).COMB AND 
	XLXI_4/input_temp(1).COMB AND XLXI_5/counter(0) AND XLXI_5/counter(1) AND 
	XLXI_5/counter(2) AND XLXI_5/counter(10) AND XLXI_5/counter(3) AND 
	XLXI_5/counter(4) AND XLXI_5/counter(5) AND XLXI_5/counter(6) AND 
	XLXI_5/counter(7) AND XLXI_5/counter(8) AND XLXI_5/counter(9) AND 
	XLXI_5/counter(11) AND XLXI_5/counter(12) AND XLXI_5/counter(13) AND 
	XLXI_5/counter(14) AND XLXI_5/counter(15) AND XLXI_5/counter(16) AND 
	XLXI_5/counter(17)));

FTCPE_XLXI_5/counter19: FTCPE port map (XLXI_5/counter(19),XLXI_5/counter_T(19),dzielnikwy,'0','0','1');
XLXI_5/counter_T(19) <= ((XLXI_4/input_temp(4).COMB AND 
	XLXI_4/input_temp(1).COMB AND XLXI_5/counter(19))
	OR (NOT XLXI_4/input_temp(4).COMB AND 
	XLXI_4/input_temp(1).COMB AND XLXI_5/counter(0) AND XLXI_5/counter(1) AND 
	XLXI_5/counter(2) AND XLXI_5/counter(10) AND XLXI_5/counter(3) AND 
	XLXI_5/counter(4) AND XLXI_5/counter(5) AND XLXI_5/counter(6) AND 
	XLXI_5/counter(7) AND XLXI_5/counter(8) AND XLXI_5/counter(9) AND 
	XLXI_5/counter(11) AND XLXI_5/counter(12) AND XLXI_5/counter(13) AND 
	XLXI_5/counter(14) AND XLXI_5/counter(15) AND XLXI_5/counter(16) AND 
	XLXI_5/counter(17) AND XLXI_5/counter(18)));

FTCPE_XLXI_5/counter20: FTCPE port map (XLXI_5/counter(20),XLXI_5/counter_T(20),dzielnikwy,'0','0','1');
XLXI_5/counter_T(20) <= ((XLXI_4/input_temp(4).COMB AND 
	XLXI_4/input_temp(1).COMB AND XLXI_5/counter(20))
	OR (NOT XLXI_4/input_temp(4).COMB AND 
	XLXI_4/input_temp(1).COMB AND XLXI_5/counter(0) AND XLXI_5/counter(1) AND 
	XLXI_5/counter(2) AND XLXI_5/counter(10) AND XLXI_5/counter(3) AND 
	XLXI_5/counter(4) AND XLXI_5/counter(5) AND XLXI_5/counter(6) AND 
	XLXI_5/counter(7) AND XLXI_5/counter(8) AND XLXI_5/counter(9) AND 
	XLXI_5/counter(11) AND XLXI_5/counter(12) AND XLXI_5/counter(13) AND 
	XLXI_5/counter(14) AND XLXI_5/counter(15) AND XLXI_5/counter(16) AND 
	XLXI_5/counter(17) AND XLXI_5/counter(18) AND XLXI_5/counter(19)));

FTCPE_XLXI_5/counter21: FTCPE port map (XLXI_5/counter(21),XLXI_5/counter_T(21),dzielnikwy,'0','0','1');
XLXI_5/counter_T(21) <= ((XLXI_4/input_temp(4).COMB AND 
	XLXI_4/input_temp(1).COMB AND XLXI_5/counter(21))
	OR (NOT XLXI_4/input_temp(4).COMB AND 
	XLXI_4/input_temp(1).COMB AND XLXI_5/counter(0) AND XLXI_5/counter(1) AND 
	XLXI_5/counter(2) AND XLXI_5/counter(10) AND XLXI_5/counter(3) AND 
	XLXI_5/counter(4) AND XLXI_5/counter(5) AND XLXI_5/counter(6) AND 
	XLXI_5/counter(7) AND XLXI_5/counter(8) AND XLXI_5/counter(9) AND 
	XLXI_5/counter(11) AND XLXI_5/counter(12) AND XLXI_5/counter(13) AND 
	XLXI_5/counter(14) AND XLXI_5/counter(15) AND XLXI_5/counter(16) AND 
	XLXI_5/counter(17) AND XLXI_5/counter(18) AND XLXI_5/counter(19) AND 
	XLXI_5/counter(20)));

FTCPE_XLXI_5/counter22: FTCPE port map (XLXI_5/counter(22),XLXI_5/counter_T(22),dzielnikwy,'0','0','1');
XLXI_5/counter_T(22) <= ((XLXI_4/input_temp(4).COMB AND 
	XLXI_4/input_temp(1).COMB AND XLXI_5/counter(22))
	OR (NOT XLXI_4/input_temp(4).COMB AND 
	XLXI_4/input_temp(1).COMB AND XLXI_5/counter(0) AND XLXI_5/counter(1) AND 
	XLXI_5/counter(2) AND XLXI_5/counter(10) AND XLXI_5/counter(3) AND 
	XLXI_5/counter(4) AND XLXI_5/counter(5) AND XLXI_5/counter(6) AND 
	XLXI_5/counter(7) AND XLXI_5/counter(8) AND XLXI_5/counter(9) AND 
	XLXI_5/counter(11) AND XLXI_5/counter(12) AND XLXI_5/counter(13) AND 
	XLXI_5/counter(14) AND XLXI_5/counter(15) AND XLXI_5/counter(16) AND 
	XLXI_5/counter(17) AND XLXI_5/counter(18) AND XLXI_5/counter(19) AND 
	XLXI_5/counter(20) AND XLXI_5/counter(21)));

FTCPE_XLXI_5/counter23: FTCPE port map (XLXI_5/counter(23),XLXI_5/counter_T(23),dzielnikwy,'0','0','1');
XLXI_5/counter_T(23) <= ((XLXI_4/input_temp(4).COMB AND 
	XLXI_4/input_temp(1).COMB AND XLXI_5/counter(23))
	OR (NOT XLXI_4/input_temp(4).COMB AND 
	XLXI_4/input_temp(1).COMB AND XLXI_5/counter(0) AND XLXI_5/counter(1) AND 
	XLXI_5/counter(2) AND XLXI_5/counter(10) AND XLXI_5/counter(3) AND 
	XLXI_5/counter(4) AND XLXI_5/counter(5) AND XLXI_5/counter(6) AND 
	XLXI_5/counter(7) AND XLXI_5/counter(8) AND XLXI_5/counter(9) AND 
	XLXI_5/counter(11) AND XLXI_5/counter(12) AND XLXI_5/counter(13) AND 
	XLXI_5/counter(14) AND XLXI_5/counter(15) AND XLXI_5/counter(16) AND 
	XLXI_5/counter(17) AND XLXI_5/counter(18) AND XLXI_5/counter(19) AND 
	XLXI_5/counter(20) AND XLXI_5/counter(21) AND XLXI_5/counter(22)));

FTCPE_XLXI_5/counter24: FTCPE port map (XLXI_5/counter(24),XLXI_5/counter_T(24),dzielnikwy,'0','0','1');
XLXI_5/counter_T(24) <= ((XLXI_4/input_temp(4).COMB AND 
	XLXI_4/input_temp(1).COMB AND XLXI_5/counter(24))
	OR (NOT XLXI_4/input_temp(4).COMB AND 
	XLXI_4/input_temp(1).COMB AND XLXI_5/counter(0) AND XLXI_5/counter(1) AND 
	XLXI_5/counter(2) AND XLXI_5/counter(10) AND XLXI_5/counter(3) AND 
	XLXI_5/counter(4) AND XLXI_5/counter(5) AND XLXI_5/counter(6) AND 
	XLXI_5/counter(7) AND XLXI_5/counter(8) AND XLXI_5/counter(9) AND 
	XLXI_5/counter(11) AND XLXI_5/counter(12) AND XLXI_5/counter(13) AND 
	XLXI_5/counter(14) AND XLXI_5/counter(15) AND XLXI_5/counter(16) AND 
	XLXI_5/counter(17) AND XLXI_5/counter(18) AND XLXI_5/counter(19) AND 
	XLXI_5/counter(20) AND XLXI_5/counter(21) AND XLXI_5/counter(22) AND 
	XLXI_5/counter(23)));

FTCPE_XLXI_5/counter25: FTCPE port map (XLXI_5/counter(25),XLXI_5/counter_T(25),dzielnikwy,'0','0','1');
XLXI_5/counter_T(25) <= ((XLXI_4/input_temp(4).COMB AND 
	XLXI_4/input_temp(1).COMB AND XLXI_5/counter(25))
	OR (NOT XLXI_4/input_temp(4).COMB AND 
	XLXI_4/input_temp(1).COMB AND XLXI_5/counter(0) AND XLXI_5/counter(1) AND 
	XLXI_5/counter(2) AND XLXI_5/counter(10) AND XLXI_5/counter(3) AND 
	XLXI_5/counter(4) AND XLXI_5/counter(5) AND XLXI_5/counter(6) AND 
	XLXI_5/counter(7) AND XLXI_5/counter(8) AND XLXI_5/counter(9) AND 
	XLXI_5/counter(11) AND XLXI_5/counter(12) AND XLXI_5/counter(13) AND 
	XLXI_5/counter(14) AND XLXI_5/counter(15) AND XLXI_5/counter(16) AND 
	XLXI_5/counter(17) AND XLXI_5/counter(18) AND XLXI_5/counter(19) AND 
	XLXI_5/counter(20) AND XLXI_5/counter(21) AND XLXI_5/counter(22) AND 
	XLXI_5/counter(23) AND XLXI_5/counter(24)));

FTCPE_XLXI_5/counter26: FTCPE port map (XLXI_5/counter(26),XLXI_5/counter_T(26),dzielnikwy,'0','0','1');
XLXI_5/counter_T(26) <= ((XLXI_4/input_temp(4).COMB AND 
	XLXI_4/input_temp(1).COMB AND XLXI_5/counter(26))
	OR (NOT XLXI_4/input_temp(4).COMB AND 
	XLXI_4/input_temp(1).COMB AND XLXI_5/counter(0) AND XLXI_5/counter(1) AND 
	XLXI_5/counter(2) AND XLXI_5/counter(10) AND XLXI_5/counter(3) AND 
	XLXI_5/counter(4) AND XLXI_5/counter(5) AND XLXI_5/counter(6) AND 
	XLXI_5/counter(7) AND XLXI_5/counter(8) AND XLXI_5/counter(9) AND 
	XLXI_5/counter(11) AND XLXI_5/counter(12) AND XLXI_5/counter(13) AND 
	XLXI_5/counter(14) AND XLXI_5/counter(15) AND XLXI_5/counter(16) AND 
	XLXI_5/counter(17) AND XLXI_5/counter(18) AND XLXI_5/counter(19) AND 
	XLXI_5/counter(20) AND XLXI_5/counter(21) AND XLXI_5/counter(22) AND 
	XLXI_5/counter(23) AND XLXI_5/counter(24) AND XLXI_5/counter(25)));

FDCPE_XLXI_5/counter27: FDCPE port map (XLXI_5/counter(27),XLXI_5/counter_D(27),dzielnikwy,'0','0','1');
XLXI_5/counter_D(27) <= ((NOT XLXI_4/input_temp(1).COMB AND XLXI_5/counter(27))
	OR (NOT XLXI_4/input_temp(4).COMB AND 
	XLXI_4/input_temp(1).COMB AND XLXI_5/counter__add0000(27)));

FDCPE_XLXI_5/counter28: FDCPE port map (XLXI_5/counter(28),XLXI_5/counter_D(28),dzielnikwy,'0','0','1');
XLXI_5/counter_D(28) <= ((NOT XLXI_4/input_temp(1).COMB AND XLXI_5/counter(28))
	OR (NOT XLXI_4/input_temp(4).COMB AND 
	XLXI_4/input_temp(1).COMB AND NOT N_PZ_255)
	OR (NOT XLXI_4/input_temp(4).COMB AND 
	XLXI_4/input_temp(1).COMB AND XLXI_5/counter(0) AND XLXI_5/counter(1) AND 
	XLXI_5/counter(2) AND XLXI_5/counter(10) AND XLXI_5/counter(3) AND 
	XLXI_5/counter(4) AND XLXI_5/counter(5) AND XLXI_5/counter(6) AND 
	XLXI_5/counter(7) AND XLXI_5/counter(8) AND XLXI_5/counter(9) AND 
	XLXI_5/counter(11) AND XLXI_5/counter(12) AND XLXI_5/counter(13) AND 
	XLXI_5/counter(14) AND XLXI_5/counter(15) AND XLXI_5/counter(16) AND 
	XLXI_5/counter(17) AND XLXI_5/counter(18) AND XLXI_5/counter(19) AND 
	XLXI_5/counter(20) AND XLXI_5/counter(21) AND XLXI_5/counter(22) AND 
	XLXI_5/counter(23) AND XLXI_5/counter(24) AND XLXI_5/counter(25) AND 
	XLXI_5/counter(26) AND XLXI_5/counter(27) AND NOT XLXI_5/counter(28)));

FDCPE_XLXI_5/counter29: FDCPE port map (XLXI_5/counter(29),XLXI_5/counter_D(29),dzielnikwy,'0','0','1');
XLXI_5/counter_D(29) <= ((NOT XLXI_4/input_temp(1).COMB AND XLXI_5/counter(29))
	OR (NOT XLXI_4/input_temp(4).COMB AND 
	XLXI_4/input_temp(1).COMB AND XLXI_5/counter__add0000(29)));

FDCPE_XLXI_5/counter30: FDCPE port map (XLXI_5/counter(30),XLXI_5/counter_D(30),dzielnikwy,'0','0','1');
XLXI_5/counter_D(30) <= ((NOT XLXI_4/input_temp(1).COMB AND XLXI_5/counter(30))
	OR (NOT XLXI_4/input_temp(4).COMB AND 
	XLXI_4/input_temp(1).COMB AND XLXI_5/counter__add0000(30)));

FTCPE_XLXI_5/counter31: FTCPE port map (XLXI_5/counter(31),XLXI_5/counter_T(31),dzielnikwy,'0','0','1');
XLXI_5/counter_T(31) <= ((XLXI_4/input_temp(4).COMB AND 
	XLXI_4/input_temp(1).COMB AND XLXI_5/counter(31))
	OR (NOT XLXI_4/input_temp(4).COMB AND 
	XLXI_4/input_temp(1).COMB AND XLXI_5/counter(0) AND XLXI_5/counter(1) AND 
	XLXI_5/counter(2) AND N_PZ_274));


XLXI_5/counter__add0000(27) <= XLXI_5/counter(27)
	XOR (XLXI_5/counter(0) AND XLXI_5/counter(1) AND 
	XLXI_5/counter(2) AND XLXI_5/counter(10) AND XLXI_5/counter(3) AND 
	XLXI_5/counter(4) AND XLXI_5/counter(5) AND XLXI_5/counter(6) AND 
	XLXI_5/counter(7) AND XLXI_5/counter(8) AND XLXI_5/counter(9) AND 
	XLXI_5/counter(11) AND XLXI_5/counter(12) AND XLXI_5/counter(13) AND 
	XLXI_5/counter(14) AND XLXI_5/counter(15) AND XLXI_5/counter(16) AND 
	XLXI_5/counter(17) AND XLXI_5/counter(18) AND XLXI_5/counter(19) AND 
	XLXI_5/counter(20) AND XLXI_5/counter(21) AND XLXI_5/counter(22) AND 
	XLXI_5/counter(23) AND XLXI_5/counter(24) AND XLXI_5/counter(25) AND 
	XLXI_5/counter(26));


XLXI_5/counter__add0000(29) <= ((NOT N_PZ_261)
	OR (NOT XLXI_5/counter(2) AND XLXI_5/counter(29))
	OR (XLXI_5/counter(0) AND XLXI_5/counter(1) AND 
	XLXI_5/counter(2) AND XLXI_5/counter(10) AND XLXI_5/counter(3) AND 
	XLXI_5/counter(4) AND XLXI_5/counter(5) AND XLXI_5/counter(6) AND 
	XLXI_5/counter(7) AND XLXI_5/counter(8) AND XLXI_5/counter(9) AND 
	XLXI_5/counter(11) AND XLXI_5/counter(12) AND XLXI_5/counter(13) AND 
	XLXI_5/counter(14) AND XLXI_5/counter(15) AND XLXI_5/counter(16) AND 
	XLXI_5/counter(17) AND XLXI_5/counter(18) AND XLXI_5/counter(19) AND 
	XLXI_5/counter(20) AND XLXI_5/counter(21) AND XLXI_5/counter(22) AND 
	XLXI_5/counter(23) AND XLXI_5/counter(24) AND XLXI_5/counter(25) AND 
	XLXI_5/counter(26) AND XLXI_5/counter(27) AND XLXI_5/counter(28) AND 
	NOT XLXI_5/counter(29)));


XLXI_5/counter__add0000(30) <= XLXI_5/counter(30)
	XOR ((XLXI_5/counter(0) AND XLXI_5/counter(1) AND 
	XLXI_5/counter(2) AND XLXI_5/counter(10) AND XLXI_5/counter(3) AND 
	XLXI_5/counter(4) AND XLXI_5/counter(5) AND XLXI_5/counter(6) AND 
	XLXI_5/counter(7) AND XLXI_5/counter(8) AND XLXI_5/counter(9) AND 
	XLXI_5/counter(11) AND XLXI_5/counter(12) AND XLXI_5/counter(13) AND 
	XLXI_5/counter(14) AND XLXI_5/counter(15) AND XLXI_5/counter(16) AND 
	XLXI_5/counter(17) AND XLXI_5/counter(18) AND XLXI_5/counter(19) AND 
	XLXI_5/counter(20) AND XLXI_5/counter(21) AND XLXI_5/counter(22) AND 
	XLXI_5/counter(23) AND XLXI_5/counter(24) AND XLXI_5/counter(25) AND 
	XLXI_5/counter(26) AND XLXI_5/counter(27) AND XLXI_5/counter(28) AND 
	XLXI_5/counter(29) AND XLXI_5/counter(30))
	OR (XLXI_5/counter(0) AND XLXI_5/counter(1) AND 
	XLXI_5/counter(2) AND XLXI_5/counter(10) AND XLXI_5/counter(3) AND 
	XLXI_5/counter(4) AND XLXI_5/counter(5) AND XLXI_5/counter(6) AND 
	XLXI_5/counter(7) AND XLXI_5/counter(8) AND XLXI_5/counter(9) AND 
	XLXI_5/counter(11) AND XLXI_5/counter(12) AND XLXI_5/counter(13) AND 
	XLXI_5/counter(14) AND XLXI_5/counter(15) AND XLXI_5/counter(16) AND 
	XLXI_5/counter(17) AND XLXI_5/counter(18) AND XLXI_5/counter(19) AND 
	XLXI_5/counter(20) AND XLXI_5/counter(21) AND XLXI_5/counter(22) AND 
	XLXI_5/counter(23) AND XLXI_5/counter(24) AND XLXI_5/counter(25) AND 
	XLXI_5/counter(26) AND XLXI_5/counter(27) AND XLXI_5/counter(28) AND 
	XLXI_5/counter(29) AND NOT XLXI_5/counter(30)));

FTCPE_XLXI_5/cs_state1: FTCPE port map (XLXI_5/cs_state1,'0',btn0,'0','0','1');

FTCPE_XLXI_5/cs_state2: FTCPE port map (XLXI_5/cs_state2,XLXI_5/cs_state2_T,dzielnikwy,'0','0','1');
XLXI_5/cs_state2_T <= (XLXI_5/temp AND NOT XLXI_5/counter(31) AND 
	NOT XLXI_5/Mcompar_counter_cmp_ge0000_AGEB5);

FDCPE_XLXI_5/temp: FDCPE port map (XLXI_5/temp,XLXI_5/temp_D,dzielnikwy,'0','0','1');
XLXI_5/temp_D <= ((XLXI_5/temp AND NOT XLXI_4/input_temp(1).COMB)
	OR (NOT XLXI_4/input_temp(4).COMB AND 
	XLXI_4/input_temp(1).COMB));

FTCPE_dzielnikwy: FTCPE port map (dzielnikwy,dzielnikwy_T,In_clock,'0','0','1');
dzielnikwy_T <= (XLXI_2/counter(0) AND NOT XLXI_2/counter(10) AND 
	XLXI_2/counter(1) AND XLXI_2/counter(2) AND XLXI_2/counter(3) AND 
	NOT XLXI_2/counter(4) AND NOT XLXI_2/counter(5) AND XLXI_2/counter(6) AND 
	NOT XLXI_2/counter(7) AND XLXI_2/counter(8) AND XLXI_2/counter(9) AND 
	NOT XLXI_2/counter(11) AND NOT XLXI_2/counter(12) AND NOT XLXI_2/counter(13) AND 
	XLXI_2/counter(14) AND XLXI_2/counter(15));


Register Legend:
 FDCPE (Q,D,C,CLR,PRE,CE); 
 FDDCPE (Q,D,C,CLR,PRE,CE); 
 FTCPE (Q,D,C,CLR,PRE,CE); 
 FTDCPE (Q,D,C,CLR,PRE,CE); 
 LDCP  (Q,D,G,CLR,PRE); 

******************************  Device Pin Out *****************************

Device : XC2C256-6-TQ144


Pin Signal                         Pin Signal                        
No. Name                           No. Name                          
  1 VCC                              73 VCCIO-1.8                     
  2 Input_data<0>                    74 KPR                           
  3 Input_data<4>                    75 KPR                           
  4 Input_data<1>                    76 KPR                           
  5 Input_data<5>                    77 KPR                           
  6 Input_data<2>                    78 KPR                           
  7 Input_data<6>                    79 KPR                           
  8 VCCAUX                           80 KPR                           
  9 Input_data<3>                    81 KPR                           
 10 Input_data<7>                    82 KPR                           
 11 KPR                              83 KPR                           
 12 KPR                              84 VCC                           
 13 KPR                              85 KPR                           
 14 KPR                              86 KPR                           
 15 KPR                              87 KPR                           
 16 KPR                              88 KPR                           
 17 KPR                              89 GND                           
 18 KPR                              90 GND                           
 19 KPR                              91 KPR                           
 20 KPR                              92 KPR                           
 21 KPR                              93 VCCIO-1.8                     
 22 KPR                              94 KPR                           
 23 KPR                              95 KPR                           
 24 KPR                              96 KPR                           
 25 KPR                              97 Output_data<7>                
 26 KPR                              98 KPR                           
 27 VCCIO-1.8                        99 GND                           
 28 KPR                             100 Output_data<6>                
 29 GND                             101 KPR                           
 30 KPR                             102 Output_data<5>                
 31 KPR                             103 KPR                           
 32 KPR                             104 Output_data<4>                
 33 KPR                             105 KPR                           
 34 KPR                             106 KPR                           
 35 KPR                             107 KPR                           
 36 GND                             108 GND                           
 37 VCC                             109 VCCIO-1.8                     
 38 In_clock                        110 KPR                           
 39 MISO                            111 KPR                           
 40 KPR                             112 KPR                           
 41 KPR                             113 Output_data<3>                
 42 KPR                             114 KPR                           
 43 KPR                             115 Output_data<2>                
 44 KPR                             116 KPR                           
 45 KPR                             117 Output_data<1>                
 46 KPR                             118 KPR                           
 47 GND                             119 Output_data<0>                
 48 KPR                             120 KPR                           
 49 KPR                             121 KPR                           
 50 KPR                             122 TDO                           
 51 KPR                             123 GND                           
 52 KPR                             124 KPR                           
 53 KPR                             125 KPR                           
 54 KPR                             126 KPR                           
 55 VCCIO-1.8                       127 VCCIO-1.8                     
 56 KPR                             128 KPR                           
 57 KPR                             129 KPR                           
 58 KPR                             130 KPR                           
 59 KPR                             131 KPR                           
 60 KPR                             132 KPR                           
 61 KPR                             133 KPR                           
 62 GND                             134 KPR                           
 63 TDI                             135 KPR                           
 64 KPR                             136 Out_clock                     
 65 TMS                             137 KPR                           
 66 KPR                             138 KPR                           
 67 TCK                             139 NCS                           
 68 KPR                             140 KPR                           
 69 KPR                             141 VCCIO-1.8                     
 70 KPR                             142 MOSI                          
 71 KPR                             143 btn0                          
 72 GND                             144 GND                           


Legend :  NC  = Not Connected, unbonded pin
        PGND  = Unused I/O configured as additional Ground pin
         KPR  = Unused I/O with weak keeper (leave unconnected)
         WPU  = Unused I/O with weak pull up (leave unconnected)
         TIE  = Unused I/O floating -- must tie to VCC, GND or other signal
         VCC  = Dedicated Power Pin
      VCCAUX  = Power supply for JTAG pins
   VCCIO-3.3  = I/O supply voltage for LVTTL, LVCMOS33, SSTL3_I
   VCCIO-2.5  = I/O supply voltage for LVCMOS25, SSTL2_I
   VCCIO-1.8  = I/O supply voltage for LVCMOS18
   VCCIO-1.5  = I/O supply voltage for LVCMOS15, HSTL_I
        VREF  = Reference voltage for indicated input standard
       *VREF  = Reference voltage pin selected by software
         GND  = Dedicated Ground Pin
         TDI  = Test Data In, JTAG pin
         TDO  = Test Data Out, JTAG pin
         TCK  = Test Clock, JTAG pin
         TMS  = Test Mode Select, JTAG pin
  PROHIBITED  = User reserved pin
****************************  Compiler Options  ****************************

Following is a list of all global compiler options used by the fitter run.

Device(s) Specified                         : xc2c256-6-TQ144
Optimization Method                         : DENSITY
Multi-Level Logic Optimization              : ON
Ignore Timing Specifications                : OFF
Default Register Power Up Value             : LOW
Keep User Location Constraints              : ON
What-You-See-Is-What-You-Get                : OFF
Exhaustive Fitting                          : OFF
Keep Unused Inputs                          : OFF
Slew Rate                                   : FAST
Set Unused I/O Pin Termination              : KEEPER
Global Clock Optimization                   : ON
Global Set/Reset Optimization               : ON
Global Ouput Enable Optimization            : ON
Enable Input Registers                      : ON
Function Block Fan-in Limit                 : 38
Use DATA_GATE Attribute                     : ON
Set Tristate Outputs to Termination Mode    : KEEPER
Default Voltage Standard for All Outputs    : LVCMOS18
Input Limit                                 : 32
Pterm Limit                                 : 28
