MO Dzielnik_10 NULL Dzielnik_10.v vlg66/_dzielnik__10.bin 1642965652
MO Register NULL Register.v vlg09/_register.bin 1643013418
MO Dzielnik_10000 NULL Dzielnik_10000.v vlg1E/_dzielnik__10000.bin 1643013418
MO Automat NULL Automat.v vlg67/_automat.bin 1643013418
MO SPI_Master NULL SPI_Master.vf vlg63/_s_p_i___master.bin 1643013418
